Component: Arm Compiler for Embedded 6.18 Tool: armlink [5e4cc100]

==============================================================================

Section Cross References

    main.o(.text.main) refers to rst.o(.text.U_RST_Init) for U_RST_Init
    main.o(.text.main) refers to gpio.o(.text.PortsInit) for PortsInit
    main.o(.text.main) refers to mdr32f9qx_port.o(.text.PORT_SetBits) for PORT_SetBits
    main.o(.text.main) refers to spi.o(.text.SPI_init) for SPI_init
    main.o(.text.main) refers to timer.o(.text.TIMER1_init) for TIMER1_init
    main.o(.text.main) refers to adc.o(.text.ADC1273_reset) for ADC1273_reset
    main.o(.text.main) refers to mdr32f9qx_port.o(.text.PORT_ReadInputDataBit) for PORT_ReadInputDataBit
    main.o(.text.main) refers to mdr32f9qx_port.o(.text.PORT_ResetBits) for PORT_ResetBits
    main.o(.text.main) refers to main.o(.bss.newstate) for newstate
    main.o(.text.main) refers to main.o(.data.oldstate) for oldstate
    main.o(.ARM.exidx.text.main) refers to main.o(.text.main) for [Anonymous Symbol]
    spi.o(.text.SPI_init) refers to mdr32f9qx_rst_clk.o(.text.RST_CLK_PCLKcmd) for RST_CLK_PCLKcmd
    spi.o(.text.SPI_init) refers to mdr32f9qx_ssp.o(.text.SSP_StructInit) for SSP_StructInit
    spi.o(.text.SPI_init) refers to mdr32f9qx_ssp.o(.text.SSP_BRGInit) for SSP_BRGInit
    spi.o(.text.SPI_init) refers to mdr32f9qx_ssp.o(.text.SSP_Init) for SSP_Init
    spi.o(.text.SPI_init) refers to mdr32f9qx_ssp.o(.text.SSP_ITConfig) for SSP_ITConfig
    spi.o(.text.SPI_init) refers to mdr32f9qx_ssp.o(.text.SSP_Cmd) for SSP_Cmd
    spi.o(.ARM.exidx.text.SPI_init) refers to spi.o(.text.SPI_init) for [Anonymous Symbol]
    spi.o(.text.SPI_Transmit_WORD) refers to mdr32f9qx_ssp.o(.text.SSP_SendData) for SSP_SendData
    spi.o(.text.SPI_Transmit_WORD) refers to mdr32f9qx_ssp.o(.text.SSP_GetFlagStatus) for SSP_GetFlagStatus
    spi.o(.ARM.exidx.text.SPI_Transmit_WORD) refers to spi.o(.text.SPI_Transmit_WORD) for [Anonymous Symbol]
    spi.o(.text.SPI_Transmit_Message) refers to mdr32f9qx_ssp.o(.text.SSP_GetFlagStatus) for SSP_GetFlagStatus
    spi.o(.text.SPI_Transmit_Message) refers to mdr32f9qx_ssp.o(.text.SSP_SendData) for SSP_SendData
    spi.o(.ARM.exidx.text.SPI_Transmit_Message) refers to spi.o(.text.SPI_Transmit_Message) for [Anonymous Symbol]
    spi.o(.text.SPI_ReceiveWord) refers to mdr32f9qx_ssp.o(.text.SSP_GetFlagStatus) for SSP_GetFlagStatus
    spi.o(.text.SPI_ReceiveWord) refers to mdr32f9qx_ssp.o(.text.SSP_ReceiveData) for SSP_ReceiveData
    spi.o(.ARM.exidx.text.SPI_ReceiveWord) refers to spi.o(.text.SPI_ReceiveWord) for [Anonymous Symbol]
    rst.o(.text.U_RST_Init) refers to mdr32f9qx_rst_clk.o(.text.RST_CLK_HSEconfig) for RST_CLK_HSEconfig
    rst.o(.text.U_RST_Init) refers to mdr32f9qx_rst_clk.o(.text.RST_CLK_HSEstatus) for RST_CLK_HSEstatus
    rst.o(.text.U_RST_Init) refers to mdr32f9qx_rst_clk.o(.text.RST_CLK_CPU_PLLconfig) for RST_CLK_CPU_PLLconfig
    rst.o(.text.U_RST_Init) refers to mdr32f9qx_rst_clk.o(.text.RST_CLK_CPU_PLLcmd) for RST_CLK_CPU_PLLcmd
    rst.o(.text.U_RST_Init) refers to mdr32f9qx_rst_clk.o(.text.RST_CLK_CPU_PLLstatus) for RST_CLK_CPU_PLLstatus
    rst.o(.text.U_RST_Init) refers to mdr32f9qx_rst_clk.o(.text.RST_CLK_CPUclkPrescaler) for RST_CLK_CPUclkPrescaler
    rst.o(.text.U_RST_Init) refers to mdr32f9qx_rst_clk.o(.text.RST_CLK_CPU_PLLuse) for RST_CLK_CPU_PLLuse
    rst.o(.text.U_RST_Init) refers to mdr32f9qx_rst_clk.o(.text.RST_CLK_CPUclkSelection) for RST_CLK_CPUclkSelection
    rst.o(.text.U_RST_Init) refers to mdr32f9qx_rst_clk.o(.text.RST_CLK_PCLKPer1_C2_CLKSelection) for RST_CLK_PCLKPer1_C2_CLKSelection
    rst.o(.ARM.exidx.text.U_RST_Init) refers to rst.o(.text.U_RST_Init) for [Anonymous Symbol]
    adc.o(.text.ADC1273_init) refers to mdr32f9qx_port.o(.text.PORT_SetBits) for PORT_SetBits
    adc.o(.text.ADC1273_init) refers to adc.o(.text.ADC1273_Make_Control_Word) for ADC1273_Make_Control_Word
    adc.o(.text.ADC1273_init) refers to spi.o(.text.SPI_Transmit_WORD) for SPI_Transmit_WORD
    adc.o(.text.ADC1273_init) refers to timer.o(.text.Delay_milli) for Delay_milli
    adc.o(.text.ADC1273_init) refers to mdr32f9qx_port.o(.text.PORT_ResetBits) for PORT_ResetBits
    adc.o(.ARM.exidx.text.ADC1273_init) refers to adc.o(.text.ADC1273_init) for [Anonymous Symbol]
    adc.o(.ARM.exidx.text.ADC1273_Make_Control_Word) refers to adc.o(.text.ADC1273_Make_Control_Word) for [Anonymous Symbol]
    adc.o(.text.ADC1273_reset) refers to timer.o(.text.Delay_milli) for Delay_milli
    adc.o(.text.ADC1273_reset) refers to mdr32f9qx_port.o(.text.PORT_ResetBits) for PORT_ResetBits
    adc.o(.text.ADC1273_reset) refers to mdr32f9qx_port.o(.text.PORT_SetBits) for PORT_SetBits
    adc.o(.ARM.exidx.text.ADC1273_reset) refers to adc.o(.text.ADC1273_reset) for [Anonymous Symbol]
    timer.o(.text.TIMER1_init) refers to mdr32f9qx_rst_clk.o(.text.RST_CLK_PCLKcmd) for RST_CLK_PCLKcmd
[...]
    mdr32f9qx_uart.o(.ARM.exidx.text.UART_DeInit) refers to mdr32f9qx_uart.o(.text.UART_DeInit) for [Anonymous Symbol]
    mdr32f9qx_uart.o(.text.UART_Init) refers to mdr32f9qx_rst_clk.o(.text.RST_CLK_GetClocksFreq) for RST_CLK_GetClocksFreq
    mdr32f9qx_uart.o(.text.UART_Init) refers to aeabi_sdiv.o(.text) for __aeabi_uidiv
    mdr32f9qx_uart.o(.ARM.exidx.text.UART_Init) refers to mdr32f9qx_uart.o(.text.UART_Init) for [Anonymous Symbol]
    mdr32f9qx_uart.o(.ARM.exidx.text.UART_StructInit) refers to mdr32f9qx_uart.o(.text.UART_StructInit) for [Anonymous Symbol]
    mdr32f9qx_uart.o(.ARM.exidx.text.UART_Cmd) refers to mdr32f9qx_uart.o(.text.UART_Cmd) for [Anonymous Symbol]
    mdr32f9qx_uart.o(.ARM.exidx.text.UART_ITConfig) refers to mdr32f9qx_uart.o(.text.UART_ITConfig) for [Anonymous Symbol]
    mdr32f9qx_uart.o(.ARM.exidx.text.UART_GetITStatus) refers to mdr32f9qx_uart.o(.text.UART_GetITStatus) for [Anonymous Symbol]
    mdr32f9qx_uart.o(.ARM.exidx.text.UART_GetITStatusMasked) refers to mdr32f9qx_uart.o(.text.UART_GetITStatusMasked) for [Anonymous Symbol]
    mdr32f9qx_uart.o(.ARM.exidx.text.UART_ClearITPendingBit) refers to mdr32f9qx_uart.o(.text.UART_ClearITPendingBit) for [Anonymous Symbol]
    mdr32f9qx_uart.o(.ARM.exidx.text.UART_DMAConfig) refers to mdr32f9qx_uart.o(.text.UART_DMAConfig) for [Anonymous Symbol]
    mdr32f9qx_uart.o(.ARM.exidx.text.UART_DMACmd) refers to mdr32f9qx_uart.o(.text.UART_DMACmd) for [Anonymous Symbol]
    mdr32f9qx_uart.o(.ARM.exidx.text.UART_SendData) refers to mdr32f9qx_uart.o(.text.UART_SendData) for [Anonymous Symbol]
    mdr32f9qx_uart.o(.ARM.exidx.text.UART_ReceiveData) refers to mdr32f9qx_uart.o(.text.UART_ReceiveData) for [Anonymous Symbol]
    mdr32f9qx_uart.o(.ARM.exidx.text.UART_BreakLine) refers to mdr32f9qx_uart.o(.text.UART_BreakLine) for [Anonymous Symbol]
    mdr32f9qx_uart.o(.text.UART_IrDAConfig) refers to mdr32f9qx_rst_clk.o(.text.RST_CLK_GetClocksFreq) for RST_CLK_GetClocksFreq
    mdr32f9qx_uart.o(.text.UART_IrDAConfig) refers to aeabi_sdiv.o(.text) for __aeabi_uidiv
    mdr32f9qx_uart.o(.ARM.exidx.text.UART_IrDAConfig) refers to mdr32f9qx_uart.o(.text.UART_IrDAConfig) for [Anonymous Symbol]
    mdr32f9qx_uart.o(.ARM.exidx.text.UART_IrDACmd) refers to mdr32f9qx_uart.o(.text.UART_IrDACmd) for [Anonymous Symbol]
    mdr32f9qx_uart.o(.ARM.exidx.text.UART_GetFlagStatus) refers to mdr32f9qx_uart.o(.text.UART_GetFlagStatus) for [Anonymous Symbol]
    mdr32f9qx_uart.o(.ARM.exidx.text.UART_BRGInit) refers to mdr32f9qx_uart.o(.text.UART_BRGInit) for [Anonymous Symbol]
    __main.o(!!!main) refers to __rtentry.o(.ARM.Collect$$rtentry$$00000000) for __rt_entry
    __rtentry.o(.ARM.Collect$$rtentry$$00000000) refers (Special) to __rtentry2.o(.ARM.Collect$$rtentry$$0000000A) for __rt_entry_li
    __rtentry.o(.ARM.Collect$$rtentry$$00000000) refers (Special) to __rtentry2.o(.ARM.Collect$$rtentry$$0000000D) for __rt_entry_main
    __rtentry.o(.ARM.Collect$$rtentry$$00000000) refers (Special) to __rtentry2.o(.ARM.Collect$$rtentry$$0000000C) for __rt_entry_postli_1
    __rtentry.o(.ARM.Collect$$rtentry$$00000000) refers (Special) to __rtentry2.o(.ARM.Collect$$rtentry$$00000009) for __rt_entry_postsh_1
    __rtentry.o(.ARM.Collect$$rtentry$$00000000) refers (Special) to __rtentry2.o(.ARM.Collect$$rtentry$$00000002) for __rt_entry_presh_1
    __rtentry.o(.ARM.Collect$$rtentry$$00000000) refers (Special) to __rtentry4.o(.ARM.Collect$$rtentry$$00000004) for __rt_entry_sh
    aeabi_idiv0_sigfpe.o(.text) refers to rt_div0.o(.text) for __rt_div0
    __rtentry2.o(.ARM.Collect$$rtentry$$00000008) refers to boardinit2.o(.text) for _platform_post_stackheap_init
    __rtentry2.o(.ARM.Collect$$rtentry$$0000000A) refers to libinit.o(.ARM.Collect$$libinit$$00000000) for __rt_lib_init
    __rtentry2.o(.ARM.Collect$$rtentry$$0000000B) refers to boardinit3.o(.text) for _platform_post_lib_init
    __rtentry2.o(.ARM.Collect$$rtentry$$0000000D) refers to main.o(.text.main) for main
    __rtentry2.o(.ARM.Collect$$rtentry$$0000000D) refers to exit.o(.text) for exit
    __rtentry2.o(.ARM.exidx) refers to __rtentry2.o(.ARM.Collect$$rtentry$$00000001) for .ARM.Collect$$rtentry$$00000001
    __rtentry2.o(.ARM.exidx) refers to __rtentry2.o(.ARM.Collect$$rtentry$$00000008) for .ARM.Collect$$rtentry$$00000008
    __rtentry2.o(.ARM.exidx) refers to __rtentry2.o(.ARM.Collect$$rtentry$$0000000A) for .ARM.Collect$$rtentry$$0000000A
    __rtentry2.o(.ARM.exidx) refers to __rtentry2.o(.ARM.Collect$$rtentry$$0000000B) for .ARM.Collect$$rtentry$$0000000B
    __rtentry2.o(.ARM.exidx) refers to __rtentry2.o(.ARM.Collect$$rtentry$$0000000D) for .ARM.Collect$$rtentry$$0000000D
    __rtentry4.o(.ARM.Collect$$rtentry$$00000004) refers to sys_stackheap_outer.o(.text) for __user_setup_stackheap
    __rtentry4.o(.ARM.exidx) refers to __rtentry4.o(.ARM.Collect$$rtentry$$00000004) for .ARM.Collect$$rtentry$$00000004
    rt_div0.o(.text) refers to defsig_fpe_outer.o(.text) for __rt_SIGFPE
    sys_stackheap_outer.o(.text) refers to libspace.o(.text) for __user_perproc_libspace
    sys_stackheap_outer.o(.text) refers to startup_mdr1986be4.o(.text) for __user_initial_stackheap
    sys_stackheap_outer.o(__vectab_stack_and_reset_area) refers to tempstk.o(.text) for __temporary_stack_top
    sys_stackheap_outer.o(__vectab_stack_and_reset_area) refers to __main.o(!!!main) for __main
    exit.o(.text) refers to rtexit.o(.ARM.Collect$$rtexit$$00000000) for __rt_exit
    defsig_fpe_outer.o(.text) refers to defsig_fpe_inner.o(.text) for __rt_SIGFPE_inner
    defsig_fpe_outer.o(.text) refers to defsig_exit.o(.text) for __sig_exit
    defsig_fpe_formal.o(.text) refers to rt_raise.o(.text) for __rt_raise
    libinit.o(.ARM.Collect$$libinit$$00000000) refers (Special) to libinit2.o(.ARM.Collect$$libinit$$00000030) for __rt_lib_init_alloca_1
    libinit.o(.ARM.Collect$$libinit$$00000000) refers (Special) to libinit2.o(.ARM.Collect$$libinit$$0000002E) for __rt_lib_init_argv_1
    libinit.o(.ARM.Collect$$libinit$$00000000) refers (Special) to libinit2.o(.ARM.Collect$$libinit$$0000001D) for __rt_lib_init_atexit_1
    libinit.o(.ARM.Collect$$libinit$$00000000) refers (Special) to libinit2.o(.ARM.Collect$$libinit$$00000023) for __rt_lib_init_clock_1
    libinit.o(.ARM.Collect$$libinit$$00000000) refers (Special) to libinit2.o(.ARM.Collect$$libinit$$00000034) for __rt_lib_init_cpp_1
    libinit.o(.ARM.Collect$$libinit$$00000000) refers (Special) to libinit2.o(.ARM.Collect$$libinit$$00000032) for __rt_lib_init_exceptions_1
    libinit.o(.ARM.Collect$$libinit$$00000000) refers (Special) to libinit2.o(.ARM.Collect$$libinit$$00000002) for __rt_lib_init_fp_1
    libinit.o(.ARM.Collect$$libinit$$00000000) refers (Special) to libinit2.o(.ARM.Collect$$libinit$$00000021) for __rt_lib_init_fp_trap_1
    libinit.o(.ARM.Collect$$libinit$$00000000) refers (Special) to libinit2.o(.ARM.Collect$$libinit$$00000025) for __rt_lib_init_getenv_1
    libinit.o(.ARM.Collect$$libinit$$00000000) refers (Special) to libinit2.o(.ARM.Collect$$libinit$$0000000C) for __rt_lib_init_heap_1
    libinit.o(.ARM.Collect$$libinit$$00000000) refers (Special) to libinit2.o(.ARM.Collect$$libinit$$00000013) for __rt_lib_init_lc_collate_1
    libinit.o(.ARM.Collect$$libinit$$00000000) refers (Special) to libinit2.o(.ARM.Collect$$libinit$$00000015) for __rt_lib_init_lc_ctype_1
    libinit.o(.ARM.Collect$$libinit$$00000000) refers (Special) to libinit2.o(.ARM.Collect$$libinit$$00000017) for __rt_lib_init_lc_monetary_1
    libinit.o(.ARM.Collect$$libinit$$00000000) refers (Special) to libinit2.o(.ARM.Collect$$libinit$$00000019) for __rt_lib_init_lc_numeric_1
    libinit.o(.ARM.Collect$$libinit$$00000000) refers (Special) to libinit2.o(.ARM.Collect$$libinit$$0000001B) for __rt_lib_init_lc_time_1
    libinit.o(.ARM.Collect$$libinit$$00000000) refers (Special) to libinit2.o(.ARM.Collect$$libinit$$00000006) for __rt_lib_init_preinit_1
    libinit.o(.ARM.Collect$$libinit$$00000000) refers (Special) to libinit2.o(.ARM.Collect$$libinit$$00000010) for __rt_lib_init_rand_1
    libinit.o(.ARM.Collect$$libinit$$00000000) refers (Special) to libinit2.o(.ARM.Collect$$libinit$$00000004) for __rt_lib_init_relocate_pie_1
    libinit.o(.ARM.Collect$$libinit$$00000000) refers (Special) to libinit2.o(.ARM.Collect$$libinit$$00000035) for __rt_lib_init_return
    libinit.o(.ARM.Collect$$libinit$$00000000) refers (Special) to libinit2.o(.ARM.Collect$$libinit$$0000001F) for __rt_lib_init_signal_1
    libinit.o(.ARM.Collect$$libinit$$00000000) refers (Special) to libinit2.o(.ARM.Collect$$libinit$$00000027) for __rt_lib_init_stdio_1
    libinit.o(.ARM.Collect$$libinit$$00000000) refers (Special) to libinit2.o(.ARM.Collect$$libinit$$0000000E) for __rt_lib_init_user_alloc_1
    libspace.o(.text) refers to libspace.o(.bss) for __libspace_start
    rtexit.o(.ARM.Collect$$rtexit$$00000000) refers (Special) to rtexit2.o(.ARM.Collect$$rtexit$$00000004) for __rt_exit_exit
    rtexit.o(.ARM.Collect$$rtexit$$00000000) refers (Special) to rtexit2.o(.ARM.Collect$$rtexit$$00000003) for __rt_exit_ls
    rtexit.o(.ARM.Collect$$rtexit$$00000000) refers (Special) to rtexit2.o(.ARM.Collect$$rtexit$$00000002) for __rt_exit_prels_1
    rtexit.o(.ARM.exidx) refers (Special) to rtexit2.o(.ARM.Collect$$rtexit$$00000004) for __rt_exit_exit
    rtexit.o(.ARM.exidx) refers (Special) to rtexit2.o(.ARM.Collect$$rtexit$$00000003) for __rt_exit_ls
    rtexit.o(.ARM.exidx) refers (Special) to rtexit2.o(.ARM.Collect$$rtexit$$00000002) for __rt_exit_prels_1
    rtexit.o(.ARM.exidx) refers to rtexit.o(.ARM.Collect$$rtexit$$00000000) for .ARM.Collect$$rtexit$$00000000
    rt_raise.o(.text) refers to __raise.o(.text) for __raise
    rt_raise.o(.text) refers to sys_exit.o(.text) for _sys_exit
    defsig_exit.o(.text) refers to sys_exit.o(.text) for _sys_exit
    defsig_fpe_inner.o(.text) refers to defsig_general.o(.text) for __default_signal_display
    libinit2.o(.ARM.Collect$$libinit$$00000012) refers to libinit2.o(.ARM.Collect$$libinit$$00000011) for .ARM.Collect$$libinit$$00000011
    libinit2.o(.ARM.Collect$$libinit$$00000014) refers to libinit2.o(.ARM.Collect$$libinit$$00000011) for .ARM.Collect$$libinit$$00000011
    libinit2.o(.ARM.Collect$$libinit$$00000016) refers to libinit2.o(.ARM.Collect$$libinit$$00000011) for .ARM.Collect$$libinit$$00000011
    libinit2.o(.ARM.Collect$$libinit$$00000018) refers to libinit2.o(.ARM.Collect$$libinit$$00000011) for .ARM.Collect$$libinit$$00000011
    libinit2.o(.ARM.Collect$$libinit$$0000001A) refers to libinit2.o(.ARM.Collect$$libinit$$00000011) for .ARM.Collect$$libinit$$00000011
    libinit2.o(.ARM.Collect$$libinit$$00000028) refers to argv_veneer.o(.text) for __ARM_argv_veneer
    libinit2.o(.ARM.Collect$$libinit$$00000029) refers to argv_veneer.o(.text) for __ARM_argv_veneer
    sys_exit.o(.text) refers (Special) to use_no_semi.o(.text) for __I$use$semihosting
    sys_exit.o(.text) refers (Special) to indicate_semi.o(.text) for __semihosting_library_function
    sys_exit_hlt.o(.text) refers (Special) to use_no_semi.o(.text) for __I$use$semihosting
    sys_exit_hlt.o(.text) refers (Special) to indicate_semi.o(.text) for __semihosting_library_function
    rtexit2.o(.ARM.Collect$$rtexit$$00000003) refers to libshutdown.o(.ARM.Collect$$libshutdown$$00000000) for __rt_lib_shutdown
    rtexit2.o(.ARM.Collect$$rtexit$$00000004) refers to sys_exit.o(.text) for _sys_exit
    rtexit2.o(.ARM.exidx) refers to rtexit2.o(.ARM.Collect$$rtexit$$00000001) for .ARM.Collect$$rtexit$$00000001
    rtexit2.o(.ARM.exidx) refers to rtexit2.o(.ARM.Collect$$rtexit$$00000003) for .ARM.Collect$$rtexit$$00000003
    rtexit2.o(.ARM.exidx) refers to rtexit2.o(.ARM.Collect$$rtexit$$00000004) for .ARM.Collect$$rtexit$$00000004
    __raise.o(.text) refers to defsig.o(CL$$defsig) for __default_signal_handler
    defsig_general.o(.text) refers to sys_wrch.o(.text) for _ttywrch
    sys_wrch.o(.text) refers (Special) to use_no_semi.o(.text) for __I$use$semihosting
    sys_wrch.o(.text) refers (Special) to indicate_semi.o(.text) for __semihosting_library_function
    sys_wrch_hlt.o(.text) refers (Special) to use_no_semi.o(.text) for __I$use$semihosting
    sys_wrch_hlt.o(.text) refers (Special) to indicate_semi.o(.text) for __semihosting_library_function
    defsig.o(CL$$defsig) refers to defsig_fpe_inner.o(.text) for __rt_SIGFPE_inner
    defsig.o(CL$$defsig) refers to defsig_rtmem_inner.o(.text) for __rt_SIGRTMEM_inner
    _get_argv_nomalloc.o(.text) refers (Special) to hrguard.o(.text) for __heap_region$guard
    _get_argv_nomalloc.o(.text) refers to defsig_rtmem_outer.o(.text) for __rt_SIGRTMEM
    _get_argv_nomalloc.o(.text) refers to sys_command.o(.text) for _sys_command_string
    libshutdown.o(.ARM.Collect$$libshutdown$$00000000) refers (Special) to libshutdown2.o(.ARM.Collect$$libshutdown$$00000002) for __rt_lib_shutdown_cpp_1
    libshutdown.o(.ARM.Collect$$libshutdown$$00000000) refers (Special) to libshutdown2.o(.ARM.Collect$$libshutdown$$00000007) for __rt_lib_shutdown_fp_trap_1
    libshutdown.o(.ARM.Collect$$libshutdown$$00000000) refers (Special) to libshutdown2.o(.ARM.Collect$$libshutdown$$0000000F) for __rt_lib_shutdown_heap_1
    libshutdown.o(.ARM.Collect$$libshutdown$$00000000) refers (Special) to libshutdown2.o(.ARM.Collect$$libshutdown$$00000010) for __rt_lib_shutdown_return
    libshutdown.o(.ARM.Collect$$libshutdown$$00000000) refers (Special) to libshutdown2.o(.ARM.Collect$$libshutdown$$0000000A) for __rt_lib_shutdown_signal_1
    libshutdown.o(.ARM.Collect$$libshutdown$$00000000) refers (Special) to libshutdown2.o(.ARM.Collect$$libshutdown$$00000004) for __rt_lib_shutdown_stdio_1
    libshutdown.o(.ARM.Collect$$libshutdown$$00000000) refers (Special) to libshutdown2.o(.ARM.Collect$$libshutdown$$0000000C) for __rt_lib_shutdown_user_alloc_1
    sys_command.o(.text) refers (Special) to use_no_semi.o(.text) for __I$use$semihosting
    sys_command.o(.text) refers (Special) to indicate_semi.o(.text) for __semihosting_library_function
    sys_command_hlt.o(.text) refers (Special) to use_no_semi.o(.text) for __I$use$semihosting
    sys_command_hlt.o(.text) refers (Special) to indicate_semi.o(.text) for __semihosting_library_function
    defsig_abrt_inner.o(.text) refers to defsig_general.o(.text) for __default_signal_display
    defsig_rtred_inner.o(.text) refers to defsig_general.o(.text) for __default_signal_display
    defsig_rtmem_inner.o(.text) refers to defsig_general.o(.text) for __default_signal_display
    defsig_rtmem_outer.o(.text) refers to defsig_rtmem_inner.o(.text) for __rt_SIGRTMEM_inner
    defsig_rtmem_outer.o(.text) refers to defsig_exit.o(.text) for __sig_exit
    defsig_rtmem_formal.o(.text) refers to rt_raise.o(.text) for __rt_raise
    defsig_stak_inner.o(.text) refers to defsig_general.o(.text) for __default_signal_display
    defsig_pvfn_inner.o(.text) refers to defsig_general.o(.text) for __default_signal_display
    defsig_cppl_inner.o(.text) refers to defsig_general.o(.text) for __default_signal_display
    defsig_segv_inner.o(.text) refers to defsig_general.o(.text) for __default_signal_display
    defsig_other.o(.text) refers to defsig_general.o(.text) for __default_signal_display


==============================================================================

Removing Unused input sections from the image.

    Removing main.o(.text), (0 bytes).
    Removing main.o(.ARM.exidx.text.main), (8 bytes).
    Removing main.o(.bss.j), (4 bytes).
    Removing main.o(.ARM.use_no_argv), (4 bytes).
    Removing spi.o(.text), (0 bytes).
    Removing spi.o(.ARM.exidx.text.SPI_init), (8 bytes).
    Removing spi.o(.text.SPI_Transmit_WORD), (46 bytes).
    Removing spi.o(.ARM.exidx.text.SPI_Transmit_WORD), (8 bytes).
    Removing spi.o(.text.SPI_Transmit_Message), (90 bytes).
    Removing spi.o(.ARM.exidx.text.SPI_Transmit_Message), (8 bytes).
    Removing spi.o(.text.SPI_ReceiveWord), (42 bytes).
    Removing spi.o(.ARM.exidx.text.SPI_ReceiveWord), (8 bytes).
    Removing rst.o(.text), (0 bytes).
    Removing rst.o(.ARM.exidx.text.U_RST_Init), (8 bytes).
    Removing adc.o(.text), (0 bytes).
    Removing adc.o(.text.ADC1273_init), (68 bytes).
    Removing adc.o(.ARM.exidx.text.ADC1273_init), (8 bytes).
    Removing adc.o(.text.ADC1273_Make_Control_Word), (108 bytes).
    Removing adc.o(.ARM.exidx.text.ADC1273_Make_Control_Word), (8 bytes).
    Removing adc.o(.ARM.exidx.text.ADC1273_reset), (8 bytes).
    Removing adc.o(.bss.i), (4 bytes).
    Removing timer.o(.text), (0 bytes).
    Removing timer.o(.ARM.exidx.text.TIMER1_init), (8 bytes).
    Removing timer.o(.ARM.exidx.text.Delay_milli), (8 bytes).
    Removing timer.o(.text.TIMER2_init), (164 bytes).
    Removing timer.o(.ARM.exidx.text.TIMER2_init), (8 bytes).
    Removing timer.o(.text.__NVIC_EnableIRQ), (44 bytes).
    Removing timer.o(.ARM.exidx.text.__NVIC_EnableIRQ), (8 bytes).
    Removing timer.o(.text.__NVIC_SetPriority), (132 bytes).
    Removing timer.o(.ARM.exidx.text.__NVIC_SetPriority), (8 bytes).
    Removing timer.o(.bss.TIMER2InitStruct), (24 bytes).
    Removing timer.o(.bss.sTIM2_ChnInit), (24 bytes).
    Removing timer.o(.bss.sTIM1_ChnInit), (24 bytes).
    Removing gpio.o(.text), (0 bytes).
    Removing gpio.o(.ARM.exidx.text.PortsInit), (8 bytes).
    Removing gpio.o(.text.EXT_INTERRUPT_init), (24 bytes).
    Removing gpio.o(.ARM.exidx.text.EXT_INTERRUPT_init), (8 bytes).
    Removing gpio.o(.ARM.exidx.text.__NVIC_ClearPendingIRQ), (8 bytes).
    Removing gpio.o(.ARM.exidx.text.__NVIC_EnableIRQ), (8 bytes).
    Removing gpio.o(.ARM.exidx.text.EXT_INT0_IRQHandler), (8 bytes).
    Removing gpio.o(.ARM.exidx.text.__NVIC_DisableIRQ), (8 bytes).
    Removing system_mdr1986be4.o(.text), (0 bytes).
    Removing system_mdr1986be4.o(.ARM.exidx.text.SystemCoreClockUpdate), (8 bytes).
    Removing system_mdr1986be4.o(.ARM.exidx.text.SystemInit), (8 bytes).
    Removing mdr32f9qx_port.o(.text), (0 bytes).
    Removing mdr32f9qx_port.o(.text.PORT_DeInit), (42 bytes).
    Removing mdr32f9qx_port.o(.ARM.exidx.text.PORT_DeInit), (8 bytes).
    Removing mdr32f9qx_port.o(.ARM.exidx.text.PORT_Init), (8 bytes).
    Removing mdr32f9qx_port.o(.ARM.exidx.text.PORT_StructInit), (8 bytes).
    Removing mdr32f9qx_port.o(.ARM.exidx.text.PORT_ReadInputDataBit), (8 bytes).
    Removing mdr32f9qx_port.o(.text.PORT_ReadInputData), (12 bytes).
    Removing mdr32f9qx_port.o(.ARM.exidx.text.PORT_ReadInputData), (8 bytes).
    Removing mdr32f9qx_port.o(.ARM.exidx.text.PORT_SetBits), (8 bytes).
    Removing mdr32f9qx_port.o(.ARM.exidx.text.PORT_ResetBits), (8 bytes).
    Removing mdr32f9qx_port.o(.text.PORT_WriteBit), (92 bytes).
    Removing mdr32f9qx_port.o(.ARM.exidx.text.PORT_WriteBit), (8 bytes).
    Removing mdr32f9qx_port.o(.text.PORT_Write), (56 bytes).
    Removing mdr32f9qx_port.o(.ARM.exidx.text.PORT_Write), (8 bytes).
    Removing mdr32f9qx_rst_clk.o(.text), (0 bytes).
    Removing mdr32f9qx_rst_clk.o(.text.RST_CLK_DeInit), (40 bytes).
    Removing mdr32f9qx_rst_clk.o(.ARM.exidx.text.RST_CLK_DeInit), (8 bytes).
    Removing mdr32f9qx_rst_clk.o(.text.RST_CLK_WarmDeInit), (100 bytes).
    Removing mdr32f9qx_rst_clk.o(.ARM.exidx.text.RST_CLK_WarmDeInit), (8 bytes).
    Removing mdr32f9qx_rst_clk.o(.ARM.exidx.text.RST_CLK_PCLKcmd), (8 bytes).
    Removing mdr32f9qx_rst_clk.o(.text.RST_CLK_HSIcmd), (64 bytes).
    Removing mdr32f9qx_rst_clk.o(.ARM.exidx.text.RST_CLK_HSIcmd), (8 bytes).
    Removing mdr32f9qx_rst_clk.o(.text.RST_CLK_HSIstatus), (100 bytes).
    Removing mdr32f9qx_rst_clk.o(.ARM.exidx.text.RST_CLK_HSIstatus), (8 bytes).
    Removing mdr32f9qx_rst_clk.o(.ARM.exidx.text.RST_CLK_CPUclkSelection), (8 bytes).
    Removing mdr32f9qx_rst_clk.o(.ARM.exidx.text.RST_CLK_HSEconfig), (8 bytes).
    Removing mdr32f9qx_rst_clk.o(.ARM.exidx.text.RST_CLK_HSEstatus), (8 bytes).
    Removing mdr32f9qx_rst_clk.o(.ARM.exidx.text.RST_CLK_GetFlagStatus), (8 bytes).
    Removing mdr32f9qx_rst_clk.o(.text.RST_CLK_LSEconfig), (68 bytes).
    Removing mdr32f9qx_rst_clk.o(.ARM.exidx.text.RST_CLK_LSEconfig), (8 bytes).
    Removing mdr32f9qx_rst_clk.o(.text.RST_CLK_LSEstatus), (100 bytes).
    Removing mdr32f9qx_rst_clk.o(.ARM.exidx.text.RST_CLK_LSEstatus), (8 bytes).
    Removing mdr32f9qx_rst_clk.o(.text.RST_CLK_HSIadjust), (44 bytes).
    Removing mdr32f9qx_rst_clk.o(.ARM.exidx.text.RST_CLK_HSIadjust), (8 bytes).
    Removing mdr32f9qx_rst_clk.o(.text.RST_CLK_LSIcmd), (64 bytes).
    Removing mdr32f9qx_rst_clk.o(.ARM.exidx.text.RST_CLK_LSIcmd), (8 bytes).
    Removing mdr32f9qx_rst_clk.o(.text.RST_CLK_LSIadjust), (44 bytes).
    Removing mdr32f9qx_rst_clk.o(.ARM.exidx.text.RST_CLK_LSIadjust), (8 bytes).
    Removing mdr32f9qx_rst_clk.o(.text.RST_CLK_LSIstatus), (100 bytes).
    Removing mdr32f9qx_rst_clk.o(.ARM.exidx.text.RST_CLK_LSIstatus), (8 bytes).
    Removing mdr32f9qx_rst_clk.o(.ARM.exidx.text.RST_CLK_CPU_PLLconfig), (8 bytes).
    Removing mdr32f9qx_rst_clk.o(.ARM.exidx.text.RST_CLK_CPU_PLLuse), (8 bytes).
    Removing mdr32f9qx_rst_clk.o(.ARM.exidx.text.RST_CLK_CPU_PLLcmd), (8 bytes).
    Removing mdr32f9qx_rst_clk.o(.ARM.exidx.text.RST_CLK_CPU_PLLstatus), (8 bytes).
    Removing mdr32f9qx_rst_clk.o(.ARM.exidx.text.RST_CLK_CPUclkPrescaler), (8 bytes).
    Removing mdr32f9qx_rst_clk.o(.text.RST_CLK_ADCclkSelection), (40 bytes).
    Removing mdr32f9qx_rst_clk.o(.ARM.exidx.text.RST_CLK_ADCclkSelection), (8 bytes).
    Removing mdr32f9qx_rst_clk.o(.text.RST_CLK_ADCclkPrescaler), (44 bytes).
    Removing mdr32f9qx_rst_clk.o(.ARM.exidx.text.RST_CLK_ADCclkPrescaler), (8 bytes).
    Removing mdr32f9qx_rst_clk.o(.text.RST_CLK_ADCclkEnable), (64 bytes).
    Removing mdr32f9qx_rst_clk.o(.ARM.exidx.text.RST_CLK_ADCclkEnable), (8 bytes).
    Removing mdr32f9qx_rst_clk.o(.text.RST_CLK_ADCIUclkDeInit), (20 bytes).
    Removing mdr32f9qx_rst_clk.o(.ARM.exidx.text.RST_CLK_ADCIUclkDeInit), (8 bytes).
    Removing mdr32f9qx_rst_clk.o(.text.RST_CLK_ADCIUclkSelection), (44 bytes).
    Removing mdr32f9qx_rst_clk.o(.ARM.exidx.text.RST_CLK_ADCIUclkSelection), (8 bytes).
    Removing mdr32f9qx_rst_clk.o(.text.RST_CLK_ADCIUclkPrescaler), (44 bytes).
    Removing mdr32f9qx_rst_clk.o(.ARM.exidx.text.RST_CLK_ADCIUclkPrescaler), (8 bytes).
    Removing mdr32f9qx_rst_clk.o(.text.RST_CLK_ADCIUclkCMD), (64 bytes).
    Removing mdr32f9qx_rst_clk.o(.ARM.exidx.text.RST_CLK_ADCIUclkCMD), (8 bytes).
    Removing mdr32f9qx_rst_clk.o(.text.RST_CLK_HSIclkPrescaler), (40 bytes).
    Removing mdr32f9qx_rst_clk.o(.ARM.exidx.text.RST_CLK_HSIclkPrescaler), (8 bytes).
    Removing mdr32f9qx_rst_clk.o(.text.RST_CLK_RTC_HSIclkEnable), (64 bytes).
    Removing mdr32f9qx_rst_clk.o(.ARM.exidx.text.RST_CLK_RTC_HSIclkEnable), (8 bytes).
    Removing mdr32f9qx_rst_clk.o(.text.RST_CLK_HSEclkPrescaler), (40 bytes).
    Removing mdr32f9qx_rst_clk.o(.ARM.exidx.text.RST_CLK_HSEclkPrescaler), (8 bytes).
    Removing mdr32f9qx_rst_clk.o(.text.RST_CLK_RTC_HSEclkEnable), (60 bytes).
    Removing mdr32f9qx_rst_clk.o(.ARM.exidx.text.RST_CLK_RTC_HSEclkEnable), (8 bytes).
    Removing mdr32f9qx_rst_clk.o(.text.RST_CLK_PCLKPer1_C1_CLKSelection), (28 bytes).
    Removing mdr32f9qx_rst_clk.o(.ARM.exidx.text.RST_CLK_PCLKPer1_C1_CLKSelection), (8 bytes).
    Removing mdr32f9qx_rst_clk.o(.ARM.exidx.text.RST_CLK_PCLKPer1_C2_CLKSelection), (8 bytes).
    Removing mdr32f9qx_rst_clk.o(.text.RST_CLK_GetClocksFreq), (684 bytes).
    Removing mdr32f9qx_rst_clk.o(.ARM.exidx.text.RST_CLK_GetClocksFreq), (8 bytes).
    Removing mdr32f9qx_ssp.o(.text), (0 bytes).
    Removing mdr32f9qx_ssp.o(.text.SSP_DeInit), (36 bytes).
    Removing mdr32f9qx_ssp.o(.ARM.exidx.text.SSP_DeInit), (8 bytes).
    Removing mdr32f9qx_ssp.o(.ARM.exidx.text.SSP_Init), (8 bytes).
    Removing mdr32f9qx_ssp.o(.ARM.exidx.text.SSP_StructInit), (8 bytes).
    Removing mdr32f9qx_ssp.o(.ARM.exidx.text.SSP_Cmd), (8 bytes).
    Removing mdr32f9qx_ssp.o(.ARM.exidx.text.SSP_ITConfig), (8 bytes).
    Removing mdr32f9qx_ssp.o(.text.SSP_GetITStatus), (44 bytes).
    Removing mdr32f9qx_ssp.o(.ARM.exidx.text.SSP_GetITStatus), (8 bytes).
    Removing mdr32f9qx_ssp.o(.text.SSP_GetITStatusMasked), (42 bytes).
    Removing mdr32f9qx_ssp.o(.ARM.exidx.text.SSP_GetITStatusMasked), (8 bytes).
    Removing mdr32f9qx_ssp.o(.text.SSP_ClearITPendingBit), (20 bytes).
    Removing mdr32f9qx_ssp.o(.ARM.exidx.text.SSP_ClearITPendingBit), (8 bytes).
    Removing mdr32f9qx_ssp.o(.text.SSP_DMACmd), (48 bytes).
    Removing mdr32f9qx_ssp.o(.ARM.exidx.text.SSP_DMACmd), (8 bytes).
    Removing mdr32f9qx_ssp.o(.text.SSP_SendData), (18 bytes).
    Removing mdr32f9qx_ssp.o(.ARM.exidx.text.SSP_SendData), (8 bytes).
    Removing mdr32f9qx_ssp.o(.text.SSP_ReceiveData), (14 bytes).
    Removing mdr32f9qx_ssp.o(.ARM.exidx.text.SSP_ReceiveData), (8 bytes).
    Removing mdr32f9qx_ssp.o(.text.SSP_GetFlagStatus), (42 bytes).
    Removing mdr32f9qx_ssp.o(.ARM.exidx.text.SSP_GetFlagStatus), (8 bytes).
    Removing mdr32f9qx_ssp.o(.ARM.exidx.text.SSP_BRGInit), (8 bytes).
    Removing mdr32f9qx_timer.o(.text), (0 bytes).
    Removing mdr32f9qx_timer.o(.text.TIMER_DeInit), (138 bytes).
    Removing mdr32f9qx_timer.o(.ARM.exidx.text.TIMER_DeInit), (8 bytes).
    Removing mdr32f9qx_timer.o(.ARM.exidx.text.TIMER_CntInit), (8 bytes).
    Removing mdr32f9qx_timer.o(.ARM.exidx.text.TIMER_CntStructInit), (8 bytes).
    Removing mdr32f9qx_timer.o(.ARM.exidx.text.TIMER_Cmd), (8 bytes).
    Removing mdr32f9qx_timer.o(.text.TIMER_SetCounter), (18 bytes).
    Removing mdr32f9qx_timer.o(.ARM.exidx.text.TIMER_SetCounter), (8 bytes).
    Removing mdr32f9qx_timer.o(.text.TIMER_SetCntPrescaler), (18 bytes).
    Removing mdr32f9qx_timer.o(.ARM.exidx.text.TIMER_SetCntPrescaler), (8 bytes).
    Removing mdr32f9qx_timer.o(.text.TIMER_SetCntAutoreload), (18 bytes).
    Removing mdr32f9qx_timer.o(.ARM.exidx.text.TIMER_SetCntAutoreload), (8 bytes).
    Removing mdr32f9qx_timer.o(.text.TIMER_CntAutoreloadConfig), (48 bytes).
    Removing mdr32f9qx_timer.o(.ARM.exidx.text.TIMER_CntAutoreloadConfig), (8 bytes).
    Removing mdr32f9qx_timer.o(.ARM.exidx.text.TIMER_GetCounter), (8 bytes).
    Removing mdr32f9qx_timer.o(.text.TIMER_CntEventSourceConfig), (40 bytes).
    Removing mdr32f9qx_timer.o(.ARM.exidx.text.TIMER_CntEventSourceConfig), (8 bytes).
    Removing mdr32f9qx_timer.o(.text.TIMER_FilterSamplingConfig), (38 bytes).
    Removing mdr32f9qx_timer.o(.ARM.exidx.text.TIMER_FilterSamplingConfig), (8 bytes).
    Removing mdr32f9qx_timer.o(.text.TIMER_CounterModeConfig), (38 bytes).
    Removing mdr32f9qx_timer.o(.ARM.exidx.text.TIMER_CounterModeConfig), (8 bytes).
    Removing mdr32f9qx_timer.o(.text.TIMER_SetCounterDirection), (38 bytes).
    Removing mdr32f9qx_timer.o(.ARM.exidx.text.TIMER_SetCounterDirection), (8 bytes).
    Removing mdr32f9qx_timer.o(.text.TIMER_ETRInputConfig), (52 bytes).
    Removing mdr32f9qx_timer.o(.ARM.exidx.text.TIMER_ETRInputConfig), (8 bytes).
    Removing mdr32f9qx_timer.o(.text.TIMER_ETRFilterConfig), (40 bytes).
    Removing mdr32f9qx_timer.o(.ARM.exidx.text.TIMER_ETRFilterConfig), (8 bytes).
    Removing mdr32f9qx_timer.o(.text.TIMER_ETRPrescalerConfig), (38 bytes).
    Removing mdr32f9qx_timer.o(.ARM.exidx.text.TIMER_ETRPrescalerConfig), (8 bytes).
    Removing mdr32f9qx_timer.o(.text.TIMER_ETRPolarityConfig), (38 bytes).
    Removing mdr32f9qx_timer.o(.ARM.exidx.text.TIMER_ETRPolarityConfig), (8 bytes).
    Removing mdr32f9qx_timer.o(.text.TIMER_BRKPolarityConfig), (38 bytes).
    Removing mdr32f9qx_timer.o(.ARM.exidx.text.TIMER_BRKPolarityConfig), (8 bytes).
    Removing mdr32f9qx_timer.o(.text.TIMER_GetCounterDirection), (34 bytes).
    Removing mdr32f9qx_timer.o(.ARM.exidx.text.TIMER_GetCounterDirection), (8 bytes).
    Removing mdr32f9qx_timer.o(.text.TIMER_GetCntWriteComplete), (40 bytes).
    Removing mdr32f9qx_timer.o(.ARM.exidx.text.TIMER_GetCntWriteComplete), (8 bytes).
    Removing mdr32f9qx_timer.o(.text.TIMER_ChnInit), (122 bytes).
    Removing mdr32f9qx_timer.o(.ARM.exidx.text.TIMER_ChnInit), (8 bytes).
    Removing mdr32f9qx_timer.o(.text.TIMER_ChnStructInit), (58 bytes).
    Removing mdr32f9qx_timer.o(.ARM.exidx.text.TIMER_ChnStructInit), (8 bytes).
    Removing mdr32f9qx_timer.o(.text.TIMER_SetChnCompare), (32 bytes).
    Removing mdr32f9qx_timer.o(.ARM.exidx.text.TIMER_SetChnCompare), (8 bytes).
    Removing mdr32f9qx_timer.o(.text.TIMER_SetChnCompare1), (32 bytes).
    Removing mdr32f9qx_timer.o(.ARM.exidx.text.TIMER_SetChnCompare1), (8 bytes).
    Removing mdr32f9qx_timer.o(.text.TIMER_ChnCompareConfig), (76 bytes).
    Removing mdr32f9qx_timer.o(.ARM.exidx.text.TIMER_ChnCompareConfig), (8 bytes).
    Removing mdr32f9qx_timer.o(.text.TIMER_ChnCompare1Config), (76 bytes).
    Removing mdr32f9qx_timer.o(.ARM.exidx.text.TIMER_ChnCompare1Config), (8 bytes).
    Removing mdr32f9qx_timer.o(.text.TIMER_GetChnCapture), (32 bytes).
    Removing mdr32f9qx_timer.o(.ARM.exidx.text.TIMER_GetChnCapture), (8 bytes).
    Removing mdr32f9qx_timer.o(.text.TIMER_GetChnCapture1), (32 bytes).
    Removing mdr32f9qx_timer.o(.ARM.exidx.text.TIMER_GetChnCapture1), (8 bytes).
    Removing mdr32f9qx_timer.o(.text.TIMER_ChnETR_Cmd), (70 bytes).
    Removing mdr32f9qx_timer.o(.ARM.exidx.text.TIMER_ChnETR_Cmd), (8 bytes).
    Removing mdr32f9qx_timer.o(.text.TIMER_ChnETRResetConfig), (54 bytes).
    Removing mdr32f9qx_timer.o(.ARM.exidx.text.TIMER_ChnETRResetConfig), (8 bytes).
    Removing mdr32f9qx_timer.o(.text.TIMER_ChnBRKResetConfig), (54 bytes).
    Removing mdr32f9qx_timer.o(.ARM.exidx.text.TIMER_ChnBRKResetConfig), (8 bytes).
    Removing mdr32f9qx_timer.o(.text.TIMER_ChnREFFormatConfig), (54 bytes).
    Removing mdr32f9qx_timer.o(.ARM.exidx.text.TIMER_ChnREFFormatConfig), (8 bytes).
    Removing mdr32f9qx_timer.o(.text.TIMER_ChnCapturePrescalerConfig), (54 bytes).
    Removing mdr32f9qx_timer.o(.ARM.exidx.text.TIMER_ChnCapturePrescalerConfig), (8 bytes).
    Removing mdr32f9qx_timer.o(.text.TIMER_ChnEventSourceConfig), (52 bytes).
    Removing mdr32f9qx_timer.o(.ARM.exidx.text.TIMER_ChnEventSourceConfig), (8 bytes).
    Removing mdr32f9qx_timer.o(.text.TIMER_ChnFilterConfig), (52 bytes).
    Removing mdr32f9qx_timer.o(.ARM.exidx.text.TIMER_ChnFilterConfig), (8 bytes).
    Removing mdr32f9qx_timer.o(.text.TIMER_GetChnWriteComplete), (54 bytes).
    Removing mdr32f9qx_timer.o(.ARM.exidx.text.TIMER_GetChnWriteComplete), (8 bytes).
    Removing mdr32f9qx_timer.o(.text.TIMER_ChnCCR1_EventSourceConfig), (52 bytes).
    Removing mdr32f9qx_timer.o(.ARM.exidx.text.TIMER_ChnCCR1_EventSourceConfig), (8 bytes).
    Removing mdr32f9qx_timer.o(.text.TIMER_ChnCCR1_Cmd), (66 bytes).
    Removing mdr32f9qx_timer.o(.ARM.exidx.text.TIMER_ChnCCR1_Cmd), (8 bytes).
    Removing mdr32f9qx_timer.o(.text.TIMER_ChnOutInit), (92 bytes).
    Removing mdr32f9qx_timer.o(.ARM.exidx.text.TIMER_ChnOutInit), (8 bytes).
    Removing mdr32f9qx_timer.o(.text.TIMER_ChnOutStructInit), (46 bytes).
    Removing mdr32f9qx_timer.o(.ARM.exidx.text.TIMER_ChnOutStructInit), (8 bytes).
    Removing mdr32f9qx_timer.o(.text.TIMER_ChnOutConfig), (70 bytes).
    Removing mdr32f9qx_timer.o(.ARM.exidx.text.TIMER_ChnOutConfig), (8 bytes).
    Removing mdr32f9qx_timer.o(.text.TIMER_ChnOutSourceConfig), (54 bytes).
    Removing mdr32f9qx_timer.o(.ARM.exidx.text.TIMER_ChnOutSourceConfig), (8 bytes).
    Removing mdr32f9qx_timer.o(.text.TIMER_ChnOutModeConfig), (52 bytes).
    Removing mdr32f9qx_timer.o(.ARM.exidx.text.TIMER_ChnOutModeConfig), (8 bytes).
    Removing mdr32f9qx_timer.o(.text.TIMER_ChnOutPolarityConfig), (54 bytes).
    Removing mdr32f9qx_timer.o(.ARM.exidx.text.TIMER_ChnOutPolarityConfig), (8 bytes).
    Removing mdr32f9qx_timer.o(.text.TIMER_ChnNOutConfig), (74 bytes).
    Removing mdr32f9qx_timer.o(.ARM.exidx.text.TIMER_ChnNOutConfig), (8 bytes).
    Removing mdr32f9qx_timer.o(.text.TIMER_ChnNOutSourceConfig), (56 bytes).
    Removing mdr32f9qx_timer.o(.ARM.exidx.text.TIMER_ChnNOutSourceConfig), (8 bytes).
    Removing mdr32f9qx_timer.o(.text.TIMER_ChnNOutModeConfig), (56 bytes).
    Removing mdr32f9qx_timer.o(.ARM.exidx.text.TIMER_ChnNOutModeConfig), (8 bytes).
    Removing mdr32f9qx_timer.o(.text.TIMER_ChnNOutPolarityConfig), (56 bytes).
    Removing mdr32f9qx_timer.o(.ARM.exidx.text.TIMER_ChnNOutPolarityConfig), (8 bytes).
    Removing mdr32f9qx_timer.o(.text.TIMER_ChnOutDTGConfig), (44 bytes).
    Removing mdr32f9qx_timer.o(.ARM.exidx.text.TIMER_ChnOutDTGConfig), (8 bytes).
    Removing mdr32f9qx_timer.o(.text.TIMER_GetStatus), (12 bytes).
    Removing mdr32f9qx_timer.o(.ARM.exidx.text.TIMER_GetStatus), (8 bytes).
    Removing mdr32f9qx_timer.o(.text.TIMER_GetFlagStatus), (42 bytes).
    Removing mdr32f9qx_timer.o(.ARM.exidx.text.TIMER_GetFlagStatus), (8 bytes).
    Removing mdr32f9qx_timer.o(.text.TIMER_ClearFlag), (20 bytes).
    Removing mdr32f9qx_timer.o(.ARM.exidx.text.TIMER_ClearFlag), (8 bytes).
    Removing mdr32f9qx_timer.o(.text.TIMER_DMACmd), (54 bytes).
    Removing mdr32f9qx_timer.o(.ARM.exidx.text.TIMER_DMACmd), (8 bytes).
    Removing mdr32f9qx_timer.o(.text.TIMER_ITConfig), (54 bytes).
    Removing mdr32f9qx_timer.o(.ARM.exidx.text.TIMER_ITConfig), (8 bytes).
    Removing mdr32f9qx_timer.o(.text.TIMER_GetITStatus), (54 bytes).
    Removing mdr32f9qx_timer.o(.ARM.exidx.text.TIMER_GetITStatus), (8 bytes).
    Removing mdr32f9qx_timer.o(.ARM.exidx.text.TIMER_BRGInit), (8 bytes).
    Removing mdr32f9qx_uart.o(.text), (0 bytes).
    Removing mdr32f9qx_uart.o(.text.UART_DeInit), (62 bytes).
    Removing mdr32f9qx_uart.o(.ARM.exidx.text.UART_DeInit), (8 bytes).
    Removing mdr32f9qx_uart.o(.text.UART_Init), (264 bytes).
    Removing mdr32f9qx_uart.o(.ARM.exidx.text.UART_Init), (8 bytes).
    Removing mdr32f9qx_uart.o(.text.UART_StructInit), (42 bytes).
    Removing mdr32f9qx_uart.o(.ARM.exidx.text.UART_StructInit), (8 bytes).
    Removing mdr32f9qx_uart.o(.text.UART_Cmd), (48 bytes).
    Removing mdr32f9qx_uart.o(.ARM.exidx.text.UART_Cmd), (8 bytes).
    Removing mdr32f9qx_uart.o(.text.UART_ITConfig), (46 bytes).
    Removing mdr32f9qx_uart.o(.ARM.exidx.text.UART_ITConfig), (8 bytes).
    Removing mdr32f9qx_uart.o(.text.UART_GetITStatus), (44 bytes).
    Removing mdr32f9qx_uart.o(.ARM.exidx.text.UART_GetITStatus), (8 bytes).
    Removing mdr32f9qx_uart.o(.text.UART_GetITStatusMasked), (42 bytes).
    Removing mdr32f9qx_uart.o(.ARM.exidx.text.UART_GetITStatusMasked), (8 bytes).
    Removing mdr32f9qx_uart.o(.text.UART_ClearITPendingBit), (20 bytes).
    Removing mdr32f9qx_uart.o(.ARM.exidx.text.UART_ClearITPendingBit), (8 bytes).
    Removing mdr32f9qx_uart.o(.text.UART_DMAConfig), (24 bytes).
    Removing mdr32f9qx_uart.o(.ARM.exidx.text.UART_DMAConfig), (8 bytes).
    Removing mdr32f9qx_uart.o(.text.UART_DMACmd), (48 bytes).
    Removing mdr32f9qx_uart.o(.ARM.exidx.text.UART_DMACmd), (8 bytes).
    Removing mdr32f9qx_uart.o(.text.UART_SendData), (28 bytes).
    Removing mdr32f9qx_uart.o(.ARM.exidx.text.UART_SendData), (8 bytes).
    Removing mdr32f9qx_uart.o(.text.UART_ReceiveData), (14 bytes).
    Removing mdr32f9qx_uart.o(.ARM.exidx.text.UART_ReceiveData), (8 bytes).
    Removing mdr32f9qx_uart.o(.text.UART_BreakLine), (48 bytes).
    Removing mdr32f9qx_uart.o(.ARM.exidx.text.UART_BreakLine), (8 bytes).
    Removing mdr32f9qx_uart.o(.text.UART_IrDAConfig), (56 bytes).
    Removing mdr32f9qx_uart.o(.ARM.exidx.text.UART_IrDAConfig), (8 bytes).
    Removing mdr32f9qx_uart.o(.text.UART_IrDACmd), (48 bytes).
    Removing mdr32f9qx_uart.o(.ARM.exidx.text.UART_IrDACmd), (8 bytes).
    Removing mdr32f9qx_uart.o(.text.UART_GetFlagStatus), (42 bytes).
    Removing mdr32f9qx_uart.o(.ARM.exidx.text.UART_GetFlagStatus), (8 bytes).
    Removing mdr32f9qx_uart.o(.text.UART_BRGInit), (116 bytes).
    Removing mdr32f9qx_uart.o(.ARM.exidx.text.UART_BRGInit), (8 bytes).

281 unused section(s) (total 8014 bytes) removed from the image.

==============================================================================

Image Symbol Table

    Local Symbols

    Symbol Name                              Value     Ov Type        Size  Object(Section)

    ../clib/angel/boardlib.s                 0x00000000   Number         0  boardinit1.o ABSOLUTE
    ../clib/angel/boardlib.s                 0x00000000   Number         0  boardinit2.o ABSOLUTE
    ../clib/angel/boardlib.s                 0x00000000   Number         0  boardinit3.o ABSOLUTE
    ../clib/angel/boardlib.s                 0x00000000   Number         0  boardshut.o ABSOLUTE
    ../clib/angel/handlers.s                 0x00000000   Number         0  __scatter_copy.o ABSOLUTE
    ../clib/angel/handlers.s                 0x00000000   Number         0  __scatter_zi.o ABSOLUTE
    ../clib/angel/kernel.s                   0x00000000   Number         0  __rtentry.o ABSOLUTE
    ../clib/angel/kernel.s                   0x00000000   Number         0  __rtentry2.o ABSOLUTE
    ../clib/angel/kernel.s                   0x00000000   Number         0  __rtentry4.o ABSOLUTE
    ../clib/angel/kernel.s                   0x00000000   Number         0  rtexit.o ABSOLUTE
    ../clib/angel/kernel.s                   0x00000000   Number         0  rtexit2.o ABSOLUTE
    ../clib/angel/rt.s                       0x00000000   Number         0  aeabi_idiv0.o ABSOLUTE
    ../clib/angel/rt.s                       0x00000000   Number         0  aeabi_idiv0_sigfpe.o ABSOLUTE
    ../clib/angel/rt.s                       0x00000000   Number         0  rt_div0.o ABSOLUTE
    ../clib/angel/rt.s                       0x00000000   Number         0  rt_raise.o ABSOLUTE
    ../clib/angel/scatterp.s                 0x00000000   Number         0  __scatter.o ABSOLUTE
    ../clib/angel/startup.s                  0x00000000   Number         0  __main.o ABSOLUTE
    ../clib/angel/sys.s                      0x00000000   Number         0  sys_stackheap_outer.o ABSOLUTE
    ../clib/angel/sys.s                      0x00000000   Number         0  libspace.o ABSOLUTE
    ../clib/angel/sys.s                      0x00000000   Number         0  tempstk.o ABSOLUTE
    ../clib/angel/sys.s                      0x00000000   Number         0  use_no_semi.o ABSOLUTE
    ../clib/angel/sys.s                      0x00000000   Number         0  indicate_semi.o ABSOLUTE
    ../clib/angel/sysapp.c                   0x00000000   Number         0  sys_exit.o ABSOLUTE
    ../clib/angel/sysapp.c                   0x00000000   Number         0  sys_exit_hlt.o ABSOLUTE
    ../clib/angel/sysapp.c                   0x00000000   Number         0  sys_wrch.o ABSOLUTE
    ../clib/angel/sysapp.c                   0x00000000   Number         0  sys_wrch_hlt.o ABSOLUTE
    ../clib/angel/sysapp.c                   0x00000000   Number         0  sys_command.o ABSOLUTE
    ../clib/angel/sysapp.c                   0x00000000   Number         0  sys_command_hlt.o ABSOLUTE
    ../clib/armsys.c                         0x00000000   Number         0  argv_veneer.o ABSOLUTE
    ../clib/armsys.c                         0x00000000   Number         0  _get_argv_nomalloc.o ABSOLUTE
    ../clib/armsys.c                         0x00000000   Number         0  no_argv.o ABSOLUTE
    ../clib/division.s                       0x00000000   Number         0  aeabi_sdiv.o ABSOLUTE
    ../clib/division.s                       0x00000000   Number         0  aeabi_sdiv_div0.o ABSOLUTE
    ../clib/heapalloc.c                      0x00000000   Number         0  hrguard.o ABSOLUTE
    ../clib/heapaux.c                        0x00000000   Number         0  heapauxi.o ABSOLUTE
    ../clib/libinit.s                        0x00000000   Number         0  libinit.o ABSOLUTE
    ../clib/libinit.s                        0x00000000   Number         0  libinit2.o ABSOLUTE
    ../clib/libinit.s                        0x00000000   Number         0  libshutdown.o ABSOLUTE
    ../clib/libinit.s                        0x00000000   Number         0  libshutdown2.o ABSOLUTE
    ../clib/signal.c                         0x00000000   Number         0  defsig_fpe_outer.o ABSOLUTE
    ../clib/signal.c                         0x00000000   Number         0  defsig_fpe_formal.o ABSOLUTE
    ../clib/signal.c                         0x00000000   Number         0  defsig_exit.o ABSOLUTE
    ../clib/signal.c                         0x00000000   Number         0  defsig_fpe_inner.o ABSOLUTE
    ../clib/signal.c                         0x00000000   Number         0  __raise.o ABSOLUTE
    ../clib/signal.c                         0x00000000   Number         0  defsig_general.o ABSOLUTE
    ../clib/signal.c                         0x00000000   Number         0  defsig_abrt_inner.o ABSOLUTE
    ../clib/signal.c                         0x00000000   Number         0  defsig_rtred_inner.o ABSOLUTE
    ../clib/signal.c                         0x00000000   Number         0  defsig_rtmem_inner.o ABSOLUTE
    ../clib/signal.c                         0x00000000   Number         0  defsig_rtmem_outer.o ABSOLUTE
    ../clib/signal.c                         0x00000000   Number         0  defsig_rtmem_formal.o ABSOLUTE
    ../clib/signal.c                         0x00000000   Number         0  defsig_stak_inner.o ABSOLUTE
    ../clib/signal.c                         0x00000000   Number         0  defsig_pvfn_inner.o ABSOLUTE
    ../clib/signal.c                         0x00000000   Number         0  defsig_cppl_inner.o ABSOLUTE
    ../clib/signal.c                         0x00000000   Number         0  defsig_segv_inner.o ABSOLUTE
    ../clib/signal.c                         0x00000000   Number         0  defsig_other.o ABSOLUTE
    ../clib/signal.s                         0x00000000   Number         0  defsig.o ABSOLUTE
    ../clib/stdlib.c                         0x00000000   Number         0  exit.o ABSOLUTE
    ../fplib/cfplib/fpinit.c                 0x00000000   Number         0  fpinit.o ABSOLUTE
    ADC.c                                    0x00000000   Number         0  adc.o ABSOLUTE
    MDR32F9Qx_port.c                         0x00000000   Number         0  mdr32f9qx_port.o ABSOLUTE
    MDR32F9Qx_rst_clk.c                      0x00000000   Number         0  mdr32f9qx_rst_clk.o ABSOLUTE
    MDR32F9Qx_ssp.c                          0x00000000   Number         0  mdr32f9qx_ssp.o ABSOLUTE
    MDR32F9Qx_timer.c                        0x00000000   Number         0  mdr32f9qx_timer.o ABSOLUTE
    MDR32F9Qx_uart.c                         0x00000000   Number         0  mdr32f9qx_uart.o ABSOLUTE
    RTE/Device/MDR1986BE4/startup_MDR1986BE4.s 0x00000000   Number         0  startup_mdr1986be4.o ABSOLUTE
    SPI.c                                    0x00000000   Number         0  spi.o ABSOLUTE
    TIMER.c                                  0x00000000   Number         0  timer.o ABSOLUTE
    dc.s                                     0x00000000   Number         0  dc.o ABSOLUTE
    gpio.c                                   0x00000000   Number         0  gpio.o ABSOLUTE
    main.c                                   0x00000000   Number         0  main.o ABSOLUTE
    rst.c                                    0x00000000   Number         0  rst.o ABSOLUTE
    system_MDR1986BE4.c                      0x00000000   Number         0  system_mdr1986be4.o ABSOLUTE
    RESET                                    0x00000000   Section      156  startup_mdr1986be4.o(RESET)
    !!!main                                  0x0000009c   Section        8  __main.o(!!!main)
    !!!scatter                               0x000000a4   Section       60  __scatter.o(!!!scatter)
    !!handler_copy                           0x000000e0   Section       26  __scatter_copy.o(!!handler_copy)
    !!handler_zi                             0x000000fc   Section       28  __scatter_zi.o(!!handler_zi)
    .ARM.Collect$$libinit$$00000000          0x00000118   Section        2  libinit.o(.ARM.Collect$$libinit$$00000000)
    .ARM.Collect$$libinit$$00000002          0x0000011a   Section        0  libinit2.o(.ARM.Collect$$libinit$$00000002)
    .ARM.Collect$$libinit$$00000004          0x0000011a   Section        0  libinit2.o(.ARM.Collect$$libinit$$00000004)
    .ARM.Collect$$libinit$$00000006          0x0000011a   Section        0  libinit2.o(.ARM.Collect$$libinit$$00000006)
    .ARM.Collect$$libinit$$0000000C          0x0000011a   Section        0  libinit2.o(.ARM.Collect$$libinit$$0000000C)
    .ARM.Collect$$libinit$$0000000E          0x0000011a   Section        0  libinit2.o(.ARM.Collect$$libinit$$0000000E)
    .ARM.Collect$$libinit$$00000010          0x0000011a   Section        0  libinit2.o(.ARM.Collect$$libinit$$00000010)
    .ARM.Collect$$libinit$$00000013          0x0000011a   Section        0  libinit2.o(.ARM.Collect$$libinit$$00000013)
    .ARM.Collect$$libinit$$00000015          0x0000011a   Section        0  libinit2.o(.ARM.Collect$$libinit$$00000015)
    .ARM.Collect$$libinit$$00000017          0x0000011a   Section        0  libinit2.o(.ARM.Collect$$libinit$$00000017)
    .ARM.Collect$$libinit$$00000019          0x0000011a   Section        0  libinit2.o(.ARM.Collect$$libinit$$00000019)
    .ARM.Collect$$libinit$$0000001B          0x0000011a   Section        0  libinit2.o(.ARM.Collect$$libinit$$0000001B)
    .ARM.Collect$$libinit$$0000001D          0x0000011a   Section        0  libinit2.o(.ARM.Collect$$libinit$$0000001D)
    .ARM.Collect$$libinit$$0000001F          0x0000011a   Section        0  libinit2.o(.ARM.Collect$$libinit$$0000001F)
    .ARM.Collect$$libinit$$00000021          0x0000011a   Section        0  libinit2.o(.ARM.Collect$$libinit$$00000021)
    .ARM.Collect$$libinit$$00000023          0x0000011a   Section        0  libinit2.o(.ARM.Collect$$libinit$$00000023)
    .ARM.Collect$$libinit$$00000025          0x0000011a   Section        0  libinit2.o(.ARM.Collect$$libinit$$00000025)
    .ARM.Collect$$libinit$$00000027          0x0000011a   Section        0  libinit2.o(.ARM.Collect$$libinit$$00000027)
    .ARM.Collect$$libinit$$0000002E          0x0000011a   Section        0  libinit2.o(.ARM.Collect$$libinit$$0000002E)
    .ARM.Collect$$libinit$$00000030          0x0000011a   Section        0  libinit2.o(.ARM.Collect$$libinit$$00000030)
    .ARM.Collect$$libinit$$00000032          0x0000011a   Section        0  libinit2.o(.ARM.Collect$$libinit$$00000032)
    .ARM.Collect$$libinit$$00000034          0x0000011a   Section        0  libinit2.o(.ARM.Collect$$libinit$$00000034)
    .ARM.Collect$$libinit$$00000035          0x0000011a   Section        2  libinit2.o(.ARM.Collect$$libinit$$00000035)
    .ARM.Collect$$libshutdown$$00000000      0x0000011c   Section        2  libshutdown.o(.ARM.Collect$$libshutdown$$00000000)
    .ARM.Collect$$libshutdown$$00000002      0x0000011e   Section        0  libshutdown2.o(.ARM.Collect$$libshutdown$$00000002)
    .ARM.Collect$$libshutdown$$00000004      0x0000011e   Section        0  libshutdown2.o(.ARM.Collect$$libshutdown$$00000004)
    .ARM.Collect$$libshutdown$$00000007      0x0000011e   Section        0  libshutdown2.o(.ARM.Collect$$libshutdown$$00000007)
    .ARM.Collect$$libshutdown$$0000000A      0x0000011e   Section        0  libshutdown2.o(.ARM.Collect$$libshutdown$$0000000A)
    .ARM.Collect$$libshutdown$$0000000C      0x0000011e   Section        0  libshutdown2.o(.ARM.Collect$$libshutdown$$0000000C)
    .ARM.Collect$$libshutdown$$0000000F      0x0000011e   Section        0  libshutdown2.o(.ARM.Collect$$libshutdown$$0000000F)
    .ARM.Collect$$libshutdown$$00000010      0x0000011e   Section        2  libshutdown2.o(.ARM.Collect$$libshutdown$$00000010)
    .ARM.Collect$$rtentry$$00000000          0x00000120   Section        0  __rtentry.o(.ARM.Collect$$rtentry$$00000000)
    .ARM.Collect$$rtentry$$00000002          0x00000120   Section        0  __rtentry2.o(.ARM.Collect$$rtentry$$00000002)
    .ARM.Collect$$rtentry$$00000004          0x00000120   Section        6  __rtentry4.o(.ARM.Collect$$rtentry$$00000004)
    .ARM.Collect$$rtentry$$00000009          0x00000126   Section        0  __rtentry2.o(.ARM.Collect$$rtentry$$00000009)
    .ARM.Collect$$rtentry$$0000000A          0x00000126   Section        4  __rtentry2.o(.ARM.Collect$$rtentry$$0000000A)
    .ARM.Collect$$rtentry$$0000000C          0x0000012a   Section        0  __rtentry2.o(.ARM.Collect$$rtentry$$0000000C)
    .ARM.Collect$$rtentry$$0000000D          0x0000012a   Section        8  __rtentry2.o(.ARM.Collect$$rtentry$$0000000D)
    .ARM.Collect$$rtexit$$00000000           0x00000132   Section        2  rtexit.o(.ARM.Collect$$rtexit$$00000000)
    .ARM.Collect$$rtexit$$00000002           0x00000134   Section        0  rtexit2.o(.ARM.Collect$$rtexit$$00000002)
    .ARM.Collect$$rtexit$$00000003           0x00000134   Section        4  rtexit2.o(.ARM.Collect$$rtexit$$00000003)
    .ARM.Collect$$rtexit$$00000004           0x00000138   Section        6  rtexit2.o(.ARM.Collect$$rtexit$$00000004)
    .text                                    0x00000140   Section      100  startup_mdr1986be4.o(.text)
    .text                                    0x000001a4   Section      364  aeabi_sdiv.o(.text)
    .text                                    0x00000310   Section        0  heapauxi.o(.text)
    .text                                    0x00000316   Section       62  sys_stackheap_outer.o(.text)
    .text                                    0x00000354   Section        0  exit.o(.text)
    .text                                    0x00000364   Section        8  libspace.o(.text)
    .text                                    0x0000036c   Section        0  sys_exit.o(.text)
    .text                                    0x00000378   Section        2  use_no_semi.o(.text)
    .text                                    0x0000037a   Section        0  indicate_semi.o(.text)
    [Anonymous Symbol]                       0x0000037c   Section        0  adc.o(.text.ADC1273_reset)
    [Anonymous Symbol]                       0x000003b0   Section        0  timer.o(.text.Delay_milli)
    __arm_cp.1_0                             0x000003d4   Number         4  timer.o(.text.Delay_milli)
    [Anonymous Symbol]                       0x000003d8   Section        0  gpio.o(.text.EXT_INT0_IRQHandler)
    [Anonymous Symbol]                       0x0000041c   Section        0  mdr32f9qx_port.o(.text.PORT_Init)
    __arm_cp.1_0                             0x00000628   Number         4  mdr32f9qx_port.o(.text.PORT_Init)
    __arm_cp.1_2                             0x0000062c   Number         4  mdr32f9qx_port.o(.text.PORT_Init)
    [Anonymous Symbol]                       0x00000630   Section        0  mdr32f9qx_port.o(.text.PORT_ReadInputDataBit)
    [Anonymous Symbol]                       0x0000065c   Section        0  mdr32f9qx_port.o(.text.PORT_ResetBits)
    [Anonymous Symbol]                       0x00000690   Section        0  mdr32f9qx_port.o(.text.PORT_SetBits)
    __arm_cp.5_0                             0x000006cc   Number         4  mdr32f9qx_port.o(.text.PORT_SetBits)
    [Anonymous Symbol]                       0x000006d0   Section        0  mdr32f9qx_port.o(.text.PORT_StructInit)
    __arm_cp.2_0                             0x00000704   Number         4  mdr32f9qx_port.o(.text.PORT_StructInit)
    [Anonymous Symbol]                       0x00000708   Section        0  gpio.o(.text.PortsInit)
    __arm_cp.0_0                             0x00000818   Number         4  gpio.o(.text.PortsInit)
    __arm_cp.0_1                             0x0000081c   Number         4  gpio.o(.text.PortsInit)
    __arm_cp.0_2                             0x00000820   Number         4  gpio.o(.text.PortsInit)
    [Anonymous Symbol]                       0x00000824   Section        0  mdr32f9qx_rst_clk.o(.text.RST_CLK_CPU_PLLcmd)
    [Anonymous Symbol]                       0x00000858   Section        0  mdr32f9qx_rst_clk.o(.text.RST_CLK_CPU_PLLconfig)
    __arm_cp.15_1                            0x000008c4   Number         4  mdr32f9qx_rst_clk.o(.text.RST_CLK_CPU_PLLconfig)
    [Anonymous Symbol]                       0x000008c8   Section        0  mdr32f9qx_rst_clk.o(.text.RST_CLK_CPU_PLLstatus)
    [Anonymous Symbol]                       0x0000092c   Section        0  mdr32f9qx_rst_clk.o(.text.RST_CLK_CPU_PLLuse)
    [Anonymous Symbol]                       0x00000964   Section        0  mdr32f9qx_rst_clk.o(.text.RST_CLK_CPUclkPrescaler)
    [Anonymous Symbol]                       0x00000988   Section        0  mdr32f9qx_rst_clk.o(.text.RST_CLK_CPUclkSelection)
    __arm_cp.5_0                             0x000009ac   Number         4  mdr32f9qx_rst_clk.o(.text.RST_CLK_CPUclkSelection)
    [Anonymous Symbol]                       0x000009b0   Section        0  mdr32f9qx_rst_clk.o(.text.RST_CLK_GetFlagStatus)
    __arm_cp.8_0                             0x000009fc   Number         4  mdr32f9qx_rst_clk.o(.text.RST_CLK_GetFlagStatus)
    __arm_cp.8_1                             0x00000a00   Number         4  mdr32f9qx_rst_clk.o(.text.RST_CLK_GetFlagStatus)
    [Anonymous Symbol]                       0x00000a04   Section        0  mdr32f9qx_rst_clk.o(.text.RST_CLK_HSEconfig)
    [Anonymous Symbol]                       0x00000a44   Section        0  mdr32f9qx_rst_clk.o(.text.RST_CLK_HSEstatus)
    [Anonymous Symbol]                       0x00000aa8   Section        0  mdr32f9qx_rst_clk.o(.text.RST_CLK_PCLKPer1_C2_CLKSelection)
    [Anonymous Symbol]                       0x00000ac0   Section        0  mdr32f9qx_rst_clk.o(.text.RST_CLK_PCLKcmd)
    [Anonymous Symbol]                       0x00000aec   Section        0  spi.o(.text.SPI_init)
    [Anonymous Symbol]                       0x00000b44   Section        0  mdr32f9qx_ssp.o(.text.SSP_BRGInit)
    __arm_cp.12_0                            0x00000b84   Number         4  mdr32f9qx_ssp.o(.text.SSP_BRGInit)
    [Anonymous Symbol]                       0x00000b88   Section        0  mdr32f9qx_ssp.o(.text.SSP_Cmd)
    __arm_cp.3_0                             0x00000bb4   Number         4  mdr32f9qx_ssp.o(.text.SSP_Cmd)
    [Anonymous Symbol]                       0x00000bb8   Section        0  mdr32f9qx_ssp.o(.text.SSP_ITConfig)
    [Anonymous Symbol]                       0x00000be6   Section        0  mdr32f9qx_ssp.o(.text.SSP_Init)
    [Anonymous Symbol]                       0x00000c26   Section        0  mdr32f9qx_ssp.o(.text.SSP_StructInit)
    [Anonymous Symbol]                       0x00000c50   Section        0  system_mdr1986be4.o(.text.SystemCoreClockUpdate)
    __arm_cp.0_0                             0x00000d00   Number         4  system_mdr1986be4.o(.text.SystemCoreClockUpdate)
    __arm_cp.0_1                             0x00000d04   Number         4  system_mdr1986be4.o(.text.SystemCoreClockUpdate)
    __arm_cp.0_2                             0x00000d08   Number         4  system_mdr1986be4.o(.text.SystemCoreClockUpdate)
    __arm_cp.0_4                             0x00000d0c   Number         4  system_mdr1986be4.o(.text.SystemCoreClockUpdate)
    __arm_cp.0_5                             0x00000d10   Number         4  system_mdr1986be4.o(.text.SystemCoreClockUpdate)
    [Anonymous Symbol]                       0x00000d14   Section        0  system_mdr1986be4.o(.text.SystemInit)
    __arm_cp.1_0                             0x00000d44   Number         4  system_mdr1986be4.o(.text.SystemInit)
    __arm_cp.1_1                             0x00000d48   Number         4  system_mdr1986be4.o(.text.SystemInit)
    __arm_cp.1_2                             0x00000d4c   Number         4  system_mdr1986be4.o(.text.SystemInit)
    __arm_cp.1_3                             0x00000d50   Number         4  system_mdr1986be4.o(.text.SystemInit)
    __arm_cp.1_4                             0x00000d54   Number         4  system_mdr1986be4.o(.text.SystemInit)
    __arm_cp.1_5                             0x00000d58   Number         4  system_mdr1986be4.o(.text.SystemInit)
    __arm_cp.1_6                             0x00000d5c   Number         4  system_mdr1986be4.o(.text.SystemInit)
    [Anonymous Symbol]                       0x00000d60   Section        0  timer.o(.text.TIMER1_init)
    __arm_cp.0_0                             0x00000d9c   Number         4  timer.o(.text.TIMER1_init)
    __arm_cp.0_1                             0x00000da0   Number         4  timer.o(.text.TIMER1_init)
    __arm_cp.0_2                             0x00000da4   Number         4  timer.o(.text.TIMER1_init)
    [Anonymous Symbol]                       0x00000da8   Section        0  mdr32f9qx_timer.o(.text.TIMER_BRGInit)
    __arm_cp.55_0                            0x00000e10   Number         4  mdr32f9qx_timer.o(.text.TIMER_BRGInit)
    __arm_cp.55_1                            0x00000e14   Number         4  mdr32f9qx_timer.o(.text.TIMER_BRGInit)
    __arm_cp.55_2                            0x00000e18   Number         4  mdr32f9qx_timer.o(.text.TIMER_BRGInit)
    [Anonymous Symbol]                       0x00000e1c   Section        0  mdr32f9qx_timer.o(.text.TIMER_Cmd)
    [Anonymous Symbol]                       0x00000e50   Section        0  mdr32f9qx_timer.o(.text.TIMER_CntInit)
    [Anonymous Symbol]                       0x00000ea8   Section        0  mdr32f9qx_timer.o(.text.TIMER_CntStructInit)
    [Anonymous Symbol]                       0x00000ee2   Section        0  mdr32f9qx_timer.o(.text.TIMER_GetCounter)
    [Anonymous Symbol]                       0x00000ef0   Section        0  rst.o(.text.U_RST_Init)
    __NVIC_ClearPendingIRQ                   0x00000f45   Thumb Code    40  gpio.o(.text.__NVIC_ClearPendingIRQ)
    [Anonymous Symbol]                       0x00000f44   Section        0  gpio.o(.text.__NVIC_ClearPendingIRQ)
    __arm_cp.2_0                             0x00000f6c   Number         4  gpio.o(.text.__NVIC_ClearPendingIRQ)
    __NVIC_DisableIRQ                        0x00000f71   Thumb Code    48  gpio.o(.text.__NVIC_DisableIRQ)
    [Anonymous Symbol]                       0x00000f70   Section        0  gpio.o(.text.__NVIC_DisableIRQ)
    __arm_cp.5_0                             0x00000fa0   Number         4  gpio.o(.text.__NVIC_DisableIRQ)
    __NVIC_EnableIRQ                         0x00000fa5   Thumb Code    40  gpio.o(.text.__NVIC_EnableIRQ)
    [Anonymous Symbol]                       0x00000fa4   Section        0  gpio.o(.text.__NVIC_EnableIRQ)
    __arm_cp.3_0                             0x00000fcc   Number         4  gpio.o(.text.__NVIC_EnableIRQ)
    [Anonymous Symbol]                       0x00000fd0   Section        0  main.o(.text.main)
    __arm_cp.0_0                             0x00001040   Number         4  main.o(.text.main)
    __arm_cp.0_1                             0x00001044   Number         4  main.o(.text.main)
    __arm_cp.0_2                             0x00001048   Number         4  main.o(.text.main)
    .bss                                     0x20000008   Section       96  libspace.o(.bss)
    Heap_Mem                                 0x20000088   Data        4096  startup_mdr1986be4.o(HEAP)
    HEAP                                     0x20000088   Section     4096  startup_mdr1986be4.o(HEAP)
    Stack_Mem                                0x20001088   Data        1024  startup_mdr1986be4.o(STACK)
    STACK                                    0x20001088   Section     1024  startup_mdr1986be4.o(STACK)
    __initial_sp                             0x20001488   Data           0  startup_mdr1986be4.o(STACK)

    Global Symbols

    Symbol Name                              Value     Ov Type        Size  Object(Section)

    BuildAttributes$$THM_ISAv3M$S$PE$A:L22$X:L11$S22$IEEE1$IW$~IW$USESV6$~STKCKD$USESV7$~SHL$OSPACE$ROPI$EBA8$UX$STANDARDLIB$REQ8$PRES8$EABIv2 0x00000000   Number         0  anon$$obj.o ABSOLUTE
    __Vectors                                0x00000000   Data           4  startup_mdr1986be4.o(RESET)
    __ARM_exceptions_init                     - Undefined Weak Reference
    __alloca_initialize                       - Undefined Weak Reference
    __arm_preinit_                            - Undefined Weak Reference
    __arm_relocate_pie_                       - Undefined Weak Reference
    __cpp_initialize__aeabi_                  - Undefined Weak Reference
    __cxa_finalize                            - Undefined Weak Reference
    __rt_locale                               - Undefined Weak Reference
    __sigvec_lookup                           - Undefined Weak Reference
    _atexit_init                              - Undefined Weak Reference
    _call_atexit_fns                          - Undefined Weak Reference
    _clock_init                               - Undefined Weak Reference
    _fp_trap_init                             - Undefined Weak Reference
    _fp_trap_shutdown                         - Undefined Weak Reference
    _get_lc_collate                           - Undefined Weak Reference
    _get_lc_ctype                             - Undefined Weak Reference
    _get_lc_monetary                          - Undefined Weak Reference
    _get_lc_numeric                           - Undefined Weak Reference
    _get_lc_time                              - Undefined Weak Reference
    _getenv_init                              - Undefined Weak Reference
    _handle_redirection                       - Undefined Weak Reference
    _init_alloc                               - Undefined Weak Reference
    _init_user_alloc                          - Undefined Weak Reference
    _initio                                   - Undefined Weak Reference
    _rand_init                                - Undefined Weak Reference
    _signal_finish                            - Undefined Weak Reference
    _signal_init                              - Undefined Weak Reference
    _terminate_alloc                          - Undefined Weak Reference
    _terminate_user_alloc                     - Undefined Weak Reference
    _terminateio                              - Undefined Weak Reference
    __Vectors_End                            0x0000009c   Data           0  startup_mdr1986be4.o(RESET)
    __Vectors_Size                           0x0000009c   Number         0  startup_mdr1986be4.o ABSOLUTE
    __main                                   0x0000009d   Thumb Code     8  __main.o(!!!main)
    __scatterload                            0x000000a5   Thumb Code     0  __scatter.o(!!!scatter)
    __scatterload_rt2                        0x000000a5   Thumb Code    52  __scatter.o(!!!scatter)
    __scatterload_rt2_thumb_only             0x000000a5   Thumb Code     0  __scatter.o(!!!scatter)
    __scatterload_null                       0x000000b5   Thumb Code     0  __scatter.o(!!!scatter)
    __scatterload_copy                       0x000000e1   Thumb Code    26  __scatter_copy.o(!!handler_copy)
    __scatterload_zeroinit                   0x000000fd   Thumb Code    28  __scatter_zi.o(!!handler_zi)
    __rt_lib_init                            0x00000119   Thumb Code     0  libinit.o(.ARM.Collect$$libinit$$00000000)
    __rt_lib_init_alloca_1                   0x0000011b   Thumb Code     0  libinit2.o(.ARM.Collect$$libinit$$00000030)
    __rt_lib_init_argv_1                     0x0000011b   Thumb Code     0  libinit2.o(.ARM.Collect$$libinit$$0000002E)
    __rt_lib_init_atexit_1                   0x0000011b   Thumb Code     0  libinit2.o(.ARM.Collect$$libinit$$0000001D)
    __rt_lib_init_clock_1                    0x0000011b   Thumb Code     0  libinit2.o(.ARM.Collect$$libinit$$00000023)
    __rt_lib_init_cpp_1                      0x0000011b   Thumb Code     0  libinit2.o(.ARM.Collect$$libinit$$00000034)
    __rt_lib_init_exceptions_1               0x0000011b   Thumb Code     0  libinit2.o(.ARM.Collect$$libinit$$00000032)
    __rt_lib_init_fp_1                       0x0000011b   Thumb Code     0  libinit2.o(.ARM.Collect$$libinit$$00000002)
    __rt_lib_init_fp_trap_1                  0x0000011b   Thumb Code     0  libinit2.o(.ARM.Collect$$libinit$$00000021)
    __rt_lib_init_getenv_1                   0x0000011b   Thumb Code     0  libinit2.o(.ARM.Collect$$libinit$$00000025)
    __rt_lib_init_heap_1                     0x0000011b   Thumb Code     0  libinit2.o(.ARM.Collect$$libinit$$0000000C)
    __rt_lib_init_lc_collate_1               0x0000011b   Thumb Code     0  libinit2.o(.ARM.Collect$$libinit$$00000013)
    __rt_lib_init_lc_ctype_1                 0x0000011b   Thumb Code     0  libinit2.o(.ARM.Collect$$libinit$$00000015)
    __rt_lib_init_lc_monetary_1              0x0000011b   Thumb Code     0  libinit2.o(.ARM.Collect$$libinit$$00000017)
    __rt_lib_init_lc_numeric_1               0x0000011b   Thumb Code     0  libinit2.o(.ARM.Collect$$libinit$$00000019)
    __rt_lib_init_lc_time_1                  0x0000011b   Thumb Code     0  libinit2.o(.ARM.Collect$$libinit$$0000001B)
    __rt_lib_init_preinit_1                  0x0000011b   Thumb Code     0  libinit2.o(.ARM.Collect$$libinit$$00000006)
    __rt_lib_init_rand_1                     0x0000011b   Thumb Code     0  libinit2.o(.ARM.Collect$$libinit$$00000010)
    __rt_lib_init_relocate_pie_1             0x0000011b   Thumb Code     0  libinit2.o(.ARM.Collect$$libinit$$00000004)
    __rt_lib_init_return                     0x0000011b   Thumb Code     0  libinit2.o(.ARM.Collect$$libinit$$00000035)
    __rt_lib_init_signal_1                   0x0000011b   Thumb Code     0  libinit2.o(.ARM.Collect$$libinit$$0000001F)
    __rt_lib_init_stdio_1                    0x0000011b   Thumb Code     0  libinit2.o(.ARM.Collect$$libinit$$00000027)
    __rt_lib_init_user_alloc_1               0x0000011b   Thumb Code     0  libinit2.o(.ARM.Collect$$libinit$$0000000E)
    __rt_lib_shutdown                        0x0000011d   Thumb Code     0  libshutdown.o(.ARM.Collect$$libshutdown$$00000000)
    __rt_lib_shutdown_cpp_1                  0x0000011f   Thumb Code     0  libshutdown2.o(.ARM.Collect$$libshutdown$$00000002)
    __rt_lib_shutdown_fp_trap_1              0x0000011f   Thumb Code     0  libshutdown2.o(.ARM.Collect$$libshutdown$$00000007)
    __rt_lib_shutdown_heap_1                 0x0000011f   Thumb Code     0  libshutdown2.o(.ARM.Collect$$libshutdown$$0000000F)
    __rt_lib_shutdown_return                 0x0000011f   Thumb Code     0  libshutdown2.o(.ARM.Collect$$libshutdown$$00000010)
    __rt_lib_shutdown_signal_1               0x0000011f   Thumb Code     0  libshutdown2.o(.ARM.Collect$$libshutdown$$0000000A)
    __rt_lib_shutdown_stdio_1                0x0000011f   Thumb Code     0  libshutdown2.o(.ARM.Collect$$libshutdown$$00000004)
    __rt_lib_shutdown_user_alloc_1           0x0000011f   Thumb Code     0  libshutdown2.o(.ARM.Collect$$libshutdown$$0000000C)
    __rt_entry                               0x00000121   Thumb Code     0  __rtentry.o(.ARM.Collect$$rtentry$$00000000)
    __rt_entry_presh_1                       0x00000121   Thumb Code     0  __rtentry2.o(.ARM.Collect$$rtentry$$00000002)
    __rt_entry_sh                            0x00000121   Thumb Code     0  __rtentry4.o(.ARM.Collect$$rtentry$$00000004)
    __rt_entry_li                            0x00000127   Thumb Code     0  __rtentry2.o(.ARM.Collect$$rtentry$$0000000A)
    __rt_entry_postsh_1                      0x00000127   Thumb Code     0  __rtentry2.o(.ARM.Collect$$rtentry$$00000009)
    __rt_entry_main                          0x0000012b   Thumb Code     0  __rtentry2.o(.ARM.Collect$$rtentry$$0000000D)
    __rt_entry_postli_1                      0x0000012b   Thumb Code     0  __rtentry2.o(.ARM.Collect$$rtentry$$0000000C)
    __rt_exit                                0x00000133   Thumb Code     0  rtexit.o(.ARM.Collect$$rtexit$$00000000)
    __rt_exit_ls                             0x00000135   Thumb Code     0  rtexit2.o(.ARM.Collect$$rtexit$$00000003)
    __rt_exit_prels_1                        0x00000135   Thumb Code     0  rtexit2.o(.ARM.Collect$$rtexit$$00000002)
    __rt_exit_exit                           0x00000139   Thumb Code     0  rtexit2.o(.ARM.Collect$$rtexit$$00000004)
    Reset_Handler                            0x00000141   Thumb Code     8  startup_mdr1986be4.o(.text)
    NonMaskableInt_Handler                   0x00000149   Thumb Code     2  startup_mdr1986be4.o(.text)
    HardFault_Handler                        0x0000014b   Thumb Code     2  startup_mdr1986be4.o(.text)
    SVC_Handler                              0x0000014d   Thumb Code     2  startup_mdr1986be4.o(.text)
    PendSV_Handler                           0x0000014f   Thumb Code     2  startup_mdr1986be4.o(.text)
    SysTick_Handler                          0x00000151   Thumb Code     2  startup_mdr1986be4.o(.text)
    DMA_IRQHandler                           0x00000153   Thumb Code     2  startup_mdr1986be4.o(.text)
    UART1_IRQHandler                         0x00000155   Thumb Code     2  startup_mdr1986be4.o(.text)
    UART2_IRQHandler                         0x00000157   Thumb Code     2  startup_mdr1986be4.o(.text)
    SSP1_IRQHandler                          0x00000159   Thumb Code     2  startup_mdr1986be4.o(.text)
    POWER_IRQHandler                         0x0000015b   Thumb Code     2  startup_mdr1986be4.o(.text)
    WWDG_IRQHandler                          0x0000015d   Thumb Code     2  startup_mdr1986be4.o(.text)
    TIMER1_IRQHandler                        0x0000015f   Thumb Code     2  startup_mdr1986be4.o(.text)
    TIMER2_IRQHandler                        0x00000161   Thumb Code     2  startup_mdr1986be4.o(.text)
    ADC_IRQHandler                           0x00000163   Thumb Code     2  startup_mdr1986be4.o(.text)
    COMPARATOR_IRQHandler                    0x00000165   Thumb Code     2  startup_mdr1986be4.o(.text)
    BACKUP_IRQHandler                        0x00000167   Thumb Code     2  startup_mdr1986be4.o(.text)
    EXT_INT1_IRQHandler                      0x0000016b   Thumb Code     2  startup_mdr1986be4.o(.text)
    EXT_INT2_IRQHandler                      0x0000016d   Thumb Code     2  startup_mdr1986be4.o(.text)
    ADCIU_CH1_IRQHandler                     0x0000016f   Thumb Code     2  startup_mdr1986be4.o(.text)
    ADCIU_CH2_IRQHandler                     0x00000171   Thumb Code     2  startup_mdr1986be4.o(.text)
    ADCIU_CH3_IRQHandler                     0x00000173   Thumb Code     2  startup_mdr1986be4.o(.text)
    ADCIU_CH4_IRQHandler                     0x00000175   Thumb Code     2  startup_mdr1986be4.o(.text)
    ADCIU_CH5_IRQHandler                     0x00000177   Thumb Code     2  startup_mdr1986be4.o(.text)
    ADCIU_CH6_IRQHandler                     0x00000179   Thumb Code     2  startup_mdr1986be4.o(.text)
    ADCIU_CH7_IRQHandler                     0x0000017b   Thumb Code     2  startup_mdr1986be4.o(.text)
    ADCIU_CH8_IRQHandler                     0x0000017d   Thumb Code     2  startup_mdr1986be4.o(.text)
    ADCIU_IRQHandler                         0x0000017f   Thumb Code     2  startup_mdr1986be4.o(.text)
    __user_initial_stackheap                 0x00000181   Thumb Code     0  startup_mdr1986be4.o(.text)
    __aeabi_uidiv                            0x000001a5   Thumb Code     0  aeabi_sdiv.o(.text)
    __aeabi_uidivmod                         0x000001a5   Thumb Code    20  aeabi_sdiv.o(.text)
    __aeabi_idiv                             0x000001b9   Thumb Code     0  aeabi_sdiv.o(.text)
    __aeabi_idivmod                          0x000001b9   Thumb Code   338  aeabi_sdiv.o(.text)
    __use_two_region_memory                  0x00000311   Thumb Code     2  heapauxi.o(.text)
    __rt_heap_escrow$2region                 0x00000313   Thumb Code     2  heapauxi.o(.text)
    __rt_heap_expand$2region                 0x00000315   Thumb Code     2  heapauxi.o(.text)
    __user_setup_stackheap                   0x00000317   Thumb Code    62  sys_stackheap_outer.o(.text)
    exit                                     0x00000355   Thumb Code    16  exit.o(.text)
    __user_libspace                          0x00000365   Thumb Code     8  libspace.o(.text)
    __user_perproc_libspace                  0x00000365   Thumb Code     0  libspace.o(.text)
    __user_perthread_libspace                0x00000365   Thumb Code     0  libspace.o(.text)
    _sys_exit                                0x0000036d   Thumb Code     8  sys_exit.o(.text)
    __I$use$semihosting                      0x00000379   Thumb Code     0  use_no_semi.o(.text)
    __use_no_semihosting_swi                 0x00000379   Thumb Code     2  use_no_semi.o(.text)
    __semihosting_library_function           0x0000037b   Thumb Code     0  indicate_semi.o(.text)
    ADC1273_reset                            0x0000037d   Thumb Code    52  adc.o(.text.ADC1273_reset)
    Delay_milli                              0x000003b1   Thumb Code    36  timer.o(.text.Delay_milli)
    EXT_INT0_IRQHandler                      0x000003d9   Thumb Code    68  gpio.o(.text.EXT_INT0_IRQHandler)
    PORT_Init                                0x0000041d   Thumb Code   524  mdr32f9qx_port.o(.text.PORT_Init)
    PORT_ReadInputDataBit                    0x00000631   Thumb Code    42  mdr32f9qx_port.o(.text.PORT_ReadInputDataBit)
    PORT_ResetBits                           0x0000065d   Thumb Code    52  mdr32f9qx_port.o(.text.PORT_ResetBits)
    PORT_SetBits                             0x00000691   Thumb Code    60  mdr32f9qx_port.o(.text.PORT_SetBits)
    PORT_StructInit                          0x000006d1   Thumb Code    52  mdr32f9qx_port.o(.text.PORT_StructInit)
    PortsInit                                0x00000709   Thumb Code   272  gpio.o(.text.PortsInit)
    RST_CLK_CPU_PLLcmd                       0x00000825   Thumb Code    52  mdr32f9qx_rst_clk.o(.text.RST_CLK_CPU_PLLcmd)
    RST_CLK_CPU_PLLconfig                    0x00000859   Thumb Code   108  mdr32f9qx_rst_clk.o(.text.RST_CLK_CPU_PLLconfig)
    RST_CLK_CPU_PLLstatus                    0x000008c9   Thumb Code   100  mdr32f9qx_rst_clk.o(.text.RST_CLK_CPU_PLLstatus)
    RST_CLK_CPU_PLLuse                       0x0000092d   Thumb Code    56  mdr32f9qx_rst_clk.o(.text.RST_CLK_CPU_PLLuse)
    RST_CLK_CPUclkPrescaler                  0x00000965   Thumb Code    36  mdr32f9qx_rst_clk.o(.text.RST_CLK_CPUclkPrescaler)
    RST_CLK_CPUclkSelection                  0x00000989   Thumb Code    36  mdr32f9qx_rst_clk.o(.text.RST_CLK_CPUclkSelection)
    RST_CLK_GetFlagStatus                    0x000009b1   Thumb Code    76  mdr32f9qx_rst_clk.o(.text.RST_CLK_GetFlagStatus)
    RST_CLK_HSEconfig                        0x00000a05   Thumb Code    64  mdr32f9qx_rst_clk.o(.text.RST_CLK_HSEconfig)
    RST_CLK_HSEstatus                        0x00000a45   Thumb Code   100  mdr32f9qx_rst_clk.o(.text.RST_CLK_HSEstatus)
    RST_CLK_PCLKPer1_C2_CLKSelection         0x00000aa9   Thumb Code    24  mdr32f9qx_rst_clk.o(.text.RST_CLK_PCLKPer1_C2_CLKSelection)
    RST_CLK_PCLKcmd                          0x00000ac1   Thumb Code    44  mdr32f9qx_rst_clk.o(.text.RST_CLK_PCLKcmd)
    SPI_init                                 0x00000aed   Thumb Code    88  spi.o(.text.SPI_init)
    SSP_BRGInit                              0x00000b45   Thumb Code    64  mdr32f9qx_ssp.o(.text.SSP_BRGInit)
    SSP_Cmd                                  0x00000b89   Thumb Code    44  mdr32f9qx_ssp.o(.text.SSP_Cmd)
    SSP_ITConfig                             0x00000bb9   Thumb Code    46  mdr32f9qx_ssp.o(.text.SSP_ITConfig)
    SSP_Init                                 0x00000be7   Thumb Code    64  mdr32f9qx_ssp.o(.text.SSP_Init)
    SSP_StructInit                           0x00000c27   Thumb Code    42  mdr32f9qx_ssp.o(.text.SSP_StructInit)
    SystemCoreClockUpdate                    0x00000c51   Thumb Code   176  system_mdr1986be4.o(.text.SystemCoreClockUpdate)
    SystemInit                               0x00000d15   Thumb Code    48  system_mdr1986be4.o(.text.SystemInit)
    TIMER1_init                              0x00000d61   Thumb Code    60  timer.o(.text.TIMER1_init)
    TIMER_BRGInit                            0x00000da9   Thumb Code   104  mdr32f9qx_timer.o(.text.TIMER_BRGInit)
    TIMER_Cmd                                0x00000e1d   Thumb Code    52  mdr32f9qx_timer.o(.text.TIMER_Cmd)
    TIMER_CntInit                            0x00000e51   Thumb Code    88  mdr32f9qx_timer.o(.text.TIMER_CntInit)
    TIMER_CntStructInit                      0x00000ea9   Thumb Code    58  mdr32f9qx_timer.o(.text.TIMER_CntStructInit)
    TIMER_GetCounter                         0x00000ee3   Thumb Code    14  mdr32f9qx_timer.o(.text.TIMER_GetCounter)
    U_RST_Init                               0x00000ef1   Thumb Code    84  rst.o(.text.U_RST_Init)
    main                                     0x00000fd1   Thumb Code   112  main.o(.text.main)
    Region$$Table$$Base                      0x0000104c   Number         0  anon$$obj.o(Region$$Table)
    Region$$Table$$Limit                     0x0000106c   Number         0  anon$$obj.o(Region$$Table)
    SystemCoreClock                          0x20000000   Data           4  system_mdr1986be4.o(.data.SystemCoreClock)
    oldstate                                 0x20000004   Data           1  main.o(.data.oldstate)
    __libspace_start                         0x20000008   Data          96  libspace.o(.bss)
    TIMER1InitStruct                         0x20000068   Data          24  timer.o(.bss.TIMER1InitStruct)
    __temporary_stack_top$libspace           0x20000068   Data           0  libspace.o(.bss)
    newstate                                 0x20000080   Data           1  main.o(.bss.newstate)



==============================================================================

Memory Map of the image

  Image Entry point : 0x00000141

  Load Region LR_1 (Base: 0x00000000, Size: 0x00001074, Max: 0xffffffff, ABSOLUTE)

    Execution Region ER_RO (Exec base: 0x00000000, Load base: 0x00000000, Size: 0x0000106c, Max: 0xffffffff, ABSOLUTE)

    Exec Addr    Load Addr    Size         Type   Attr      Idx    E Section Name        Object

    0x00000000   0x00000000   0x0000009c   Data   RO           92    RESET               startup_mdr1986be4.o
    0x0000009c   0x0000009c   0x00000008   Code   RO          412  * !!!main             c_p.l(__main.o)
    0x000000a4   0x000000a4   0x0000003c   Code   RO          589    !!!scatter          c_p.l(__scatter.o)
    0x000000e0   0x000000e0   0x0000001a   Code   RO          591    !!handler_copy      c_p.l(__scatter_copy.o)
    0x000000fa   0x000000fa   0x00000002   PAD
    0x000000fc   0x000000fc   0x0000001c   Code   RO          593    !!handler_zi        c_p.l(__scatter_zi.o)
    0x00000118   0x00000118   0x00000002   Code   RO          450    .ARM.Collect$$libinit$$00000000  c_p.l(libinit.o)
    0x0000011a   0x0000011a   0x00000000   Code   RO          464    .ARM.Collect$$libinit$$00000002  c_p.l(libinit2.o)
    0x0000011a   0x0000011a   0x00000000   Code   RO          466    .ARM.Collect$$libinit$$00000004  c_p.l(libinit2.o)
    0x0000011a   0x0000011a   0x00000000   Code   RO          468    .ARM.Collect$$libinit$$00000006  c_p.l(libinit2.o)
    0x0000011a   0x0000011a   0x00000000   Code   RO          471    .ARM.Collect$$libinit$$0000000C  c_p.l(libinit2.o)
    0x0000011a   0x0000011a   0x00000000   Code   RO          473    .ARM.Collect$$libinit$$0000000E  c_p.l(libinit2.o)
    0x0000011a   0x0000011a   0x00000000   Code   RO          475    .ARM.Collect$$libinit$$00000010  c_p.l(libinit2.o)
    0x0000011a   0x0000011a   0x00000000   Code   RO          478    .ARM.Collect$$libinit$$00000013  c_p.l(libinit2.o)
    0x0000011a   0x0000011a   0x00000000   Code   RO          480    .ARM.Collect$$libinit$$00000015  c_p.l(libinit2.o)
    0x0000011a   0x0000011a   0x00000000   Code   RO          482    .ARM.Collect$$libinit$$00000017  c_p.l(libinit2.o)
    0x0000011a   0x0000011a   0x00000000   Code   RO          484    .ARM.Collect$$libinit$$00000019  c_p.l(libinit2.o)
    0x0000011a   0x0000011a   0x00000000   Code   RO          486    .ARM.Collect$$libinit$$0000001B  c_p.l(libinit2.o)
    0x0000011a   0x0000011a   0x00000000   Code   RO          488    .ARM.Collect$$libinit$$0000001D  c_p.l(libinit2.o)
    0x0000011a   0x0000011a   0x00000000   Code   RO          490    .ARM.Collect$$libinit$$0000001F  c_p.l(libinit2.o)
    0x0000011a   0x0000011a   0x00000000   Code   RO          492    .ARM.Collect$$libinit$$00000021  c_p.l(libinit2.o)
    0x0000011a   0x0000011a   0x00000000   Code   RO          494    .ARM.Collect$$libinit$$00000023  c_p.l(libinit2.o)
    0x0000011a   0x0000011a   0x00000000   Code   RO          496    .ARM.Collect$$libinit$$00000025  c_p.l(libinit2.o)
    0x0000011a   0x0000011a   0x00000000   Code   RO          498    .ARM.Collect$$libinit$$00000027  c_p.l(libinit2.o)
    0x0000011a   0x0000011a   0x00000000   Code   RO          502    .ARM.Collect$$libinit$$0000002E  c_p.l(libinit2.o)
    0x0000011a   0x0000011a   0x00000000   Code   RO          504    .ARM.Collect$$libinit$$00000030  c_p.l(libinit2.o)
    0x0000011a   0x0000011a   0x00000000   Code   RO          506    .ARM.Collect$$libinit$$00000032  c_p.l(libinit2.o)
    0x0000011a   0x0000011a   0x00000000   Code   RO          508    .ARM.Collect$$libinit$$00000034  c_p.l(libinit2.o)
    0x0000011a   0x0000011a   0x00000002   Code   RO          509    .ARM.Collect$$libinit$$00000035  c_p.l(libinit2.o)
    0x0000011c   0x0000011c   0x00000002   Code   RO          544    .ARM.Collect$$libshutdown$$00000000  c_p.l(libshutdown.o)
    0x0000011e   0x0000011e   0x00000000   Code   RO          572    .ARM.Collect$$libshutdown$$00000002  c_p.l(libshutdown2.o)
    0x0000011e   0x0000011e   0x00000000   Code   RO          574    .ARM.Collect$$libshutdown$$00000004  c_p.l(libshutdown2.o)
    0x0000011e   0x0000011e   0x00000000   Code   RO          577    .ARM.Collect$$libshutdown$$00000007  c_p.l(libshutdown2.o)
    0x0000011e   0x0000011e   0x00000000   Code   RO          580    .ARM.Collect$$libshutdown$$0000000A  c_p.l(libshutdown2.o)
    0x0000011e   0x0000011e   0x00000000   Code   RO          582    .ARM.Collect$$libshutdown$$0000000C  c_p.l(libshutdown2.o)
    0x0000011e   0x0000011e   0x00000000   Code   RO          585    .ARM.Collect$$libshutdown$$0000000F  c_p.l(libshutdown2.o)
    0x0000011e   0x0000011e   0x00000002   Code   RO          586    .ARM.Collect$$libshutdown$$00000010  c_p.l(libshutdown2.o)
    0x00000120   0x00000120   0x00000000   Code   RO          414    .ARM.Collect$$rtentry$$00000000  c_p.l(__rtentry.o)
    0x00000120   0x00000120   0x00000000   Code   RO          420    .ARM.Collect$$rtentry$$00000002  c_p.l(__rtentry2.o)
    0x00000120   0x00000120   0x00000006   Code   RO          432    .ARM.Collect$$rtentry$$00000004  c_p.l(__rtentry4.o)
    0x00000126   0x00000126   0x00000000   Code   RO          422    .ARM.Collect$$rtentry$$00000009  c_p.l(__rtentry2.o)
    0x00000126   0x00000126   0x00000004   Code   RO          423    .ARM.Collect$$rtentry$$0000000A  c_p.l(__rtentry2.o)
    0x0000012a   0x0000012a   0x00000000   Code   RO          425    .ARM.Collect$$rtentry$$0000000C  c_p.l(__rtentry2.o)
    0x0000012a   0x0000012a   0x00000008   Code   RO          426    .ARM.Collect$$rtentry$$0000000D  c_p.l(__rtentry2.o)
    0x00000132   0x00000132   0x00000002   Code   RO          455    .ARM.Collect$$rtexit$$00000000  c_p.l(rtexit.o)
    0x00000134   0x00000134   0x00000000   Code   RO          515    .ARM.Collect$$rtexit$$00000002  c_p.l(rtexit2.o)
    0x00000134   0x00000134   0x00000004   Code   RO          516    .ARM.Collect$$rtexit$$00000003  c_p.l(rtexit2.o)
    0x00000138   0x00000138   0x00000006   Code   RO          517    .ARM.Collect$$rtexit$$00000004  c_p.l(rtexit2.o)
    0x0000013e   0x0000013e   0x00000002   PAD
    0x00000140   0x00000140   0x00000064   Code   RO           93  * .text               startup_mdr1986be4.o
    0x000001a4   0x000001a4   0x0000016c   Code   RO          406    .text               c_p.l(aeabi_sdiv.o)
    0x00000310   0x00000310   0x00000006   Code   RO          410    .text               c_p.l(heapauxi.o)
    0x00000316   0x00000316   0x0000003e   Code   RO          436    .text               c_p.l(sys_stackheap_outer.o)
    0x00000354   0x00000354   0x00000010   Code   RO          439    .text               c_p.l(exit.o)
    0x00000364   0x00000364   0x00000008   Code   RO          451    .text               c_p.l(libspace.o)
    0x0000036c   0x0000036c   0x0000000c   Code   RO          510    .text               c_p.l(sys_exit.o)
    0x00000378   0x00000378   0x00000002   Code   RO          533    .text               c_p.l(use_no_semi.o)
    0x0000037a   0x0000037a   0x00000000   Code   RO          535    .text               c_p.l(indicate_semi.o)
    0x0000037a   0x0000037a   0x00000002   PAD
    0x0000037c   0x0000037c   0x00000034   Code   RO           41    .text.ADC1273_reset  adc.o
    0x000003b0   0x000003b0   0x00000028   Code   RO           53    .text.Delay_milli   timer.o
    0x000003d8   0x000003d8   0x00000044   Code   RO           80    .text.EXT_INT0_IRQHandler  gpio.o
    0x0000041c   0x0000041c   0x00000214   Code   RO          114    .text.PORT_Init     mdr32f9qx_port.o
    0x00000630   0x00000630   0x0000002a   Code   RO          118    .text.PORT_ReadInputDataBit  mdr32f9qx_port.o
    0x0000065a   0x0000065a   0x00000002   PAD
    0x0000065c   0x0000065c   0x00000034   Code   RO          124    .text.PORT_ResetBits  mdr32f9qx_port.o
    0x00000690   0x00000690   0x00000040   Code   RO          122    .text.PORT_SetBits  mdr32f9qx_port.o
    0x000006d0   0x000006d0   0x00000038   Code   RO          116    .text.PORT_StructInit  mdr32f9qx_port.o
    0x00000708   0x00000708   0x0000011c   Code   RO           72    .text.PortsInit     gpio.o
    0x00000824   0x00000824   0x00000034   Code   RO          171    .text.RST_CLK_CPU_PLLcmd  mdr32f9qx_rst_clk.o
    0x00000858   0x00000858   0x00000070   Code   RO          167    .text.RST_CLK_CPU_PLLconfig  mdr32f9qx_rst_clk.o
    0x000008c8   0x000008c8   0x00000064   Code   RO          173    .text.RST_CLK_CPU_PLLstatus  mdr32f9qx_rst_clk.o
    0x0000092c   0x0000092c   0x00000038   Code   RO          169    .text.RST_CLK_CPU_PLLuse  mdr32f9qx_rst_clk.o
    0x00000964   0x00000964   0x00000024   Code   RO          175    .text.RST_CLK_CPUclkPrescaler  mdr32f9qx_rst_clk.o
    0x00000988   0x00000988   0x00000028   Code   RO          147    .text.RST_CLK_CPUclkSelection  mdr32f9qx_rst_clk.o
    0x000009b0   0x000009b0   0x00000054   Code   RO          153    .text.RST_CLK_GetFlagStatus  mdr32f9qx_rst_clk.o
    0x00000a04   0x00000a04   0x00000040   Code   RO          149    .text.RST_CLK_HSEconfig  mdr32f9qx_rst_clk.o
    0x00000a44   0x00000a44   0x00000064   Code   RO          151    .text.RST_CLK_HSEstatus  mdr32f9qx_rst_clk.o
    0x00000aa8   0x00000aa8   0x00000018   Code   RO          201    .text.RST_CLK_PCLKPer1_C2_CLKSelection  mdr32f9qx_rst_clk.o
    0x00000ac0   0x00000ac0   0x0000002c   Code   RO          141    .text.RST_CLK_PCLKcmd  mdr32f9qx_rst_clk.o
    0x00000aec   0x00000aec   0x00000058   Code   RO           14    .text.SPI_init      spi.o
    0x00000b44   0x00000b44   0x00000044   Code   RO          236    .text.SSP_BRGInit   mdr32f9qx_ssp.o
    0x00000b88   0x00000b88   0x00000030   Code   RO          218    .text.SSP_Cmd       mdr32f9qx_ssp.o
    0x00000bb8   0x00000bb8   0x0000002e   Code   RO          220    .text.SSP_ITConfig  mdr32f9qx_ssp.o
    0x00000be6   0x00000be6   0x00000040   Code   RO          214    .text.SSP_Init      mdr32f9qx_ssp.o
    0x00000c26   0x00000c26   0x0000002a   Code   RO          216    .text.SSP_StructInit  mdr32f9qx_ssp.o
    0x00000c50   0x00000c50   0x000000c4   Code   RO          100    .text.SystemCoreClockUpdate  system_mdr1986be4.o
    0x00000d14   0x00000d14   0x0000004c   Code   RO          102    .text.SystemInit    system_mdr1986be4.o
    0x00000d60   0x00000d60   0x00000048   Code   RO           51    .text.TIMER1_init   timer.o
    0x00000da8   0x00000da8   0x00000074   Code   RO          355    .text.TIMER_BRGInit  mdr32f9qx_timer.o
    0x00000e1c   0x00000e1c   0x00000034   Code   RO          251    .text.TIMER_Cmd     mdr32f9qx_timer.o
    0x00000e50   0x00000e50   0x00000058   Code   RO          247    .text.TIMER_CntInit  mdr32f9qx_timer.o
    0x00000ea8   0x00000ea8   0x0000003a   Code   RO          249    .text.TIMER_CntStructInit  mdr32f9qx_timer.o
    0x00000ee2   0x00000ee2   0x0000000e   Code   RO          261    .text.TIMER_GetCounter  mdr32f9qx_timer.o
    0x00000ef0   0x00000ef0   0x00000054   Code   RO           29    .text.U_RST_Init    rst.o
    0x00000f44   0x00000f44   0x0000002c   Code   RO           76    .text.__NVIC_ClearPendingIRQ  gpio.o
    0x00000f70   0x00000f70   0x00000034   Code   RO           82    .text.__NVIC_DisableIRQ  gpio.o
    0x00000fa4   0x00000fa4   0x0000002c   Code   RO           78    .text.__NVIC_EnableIRQ  gpio.o
    0x00000fd0   0x00000fd0   0x0000007c   Code   RO            2    .text.main          main.o
    0x0000104c   0x0000104c   0x00000020   Data   RO          588    Region$$Table       anon$$obj.o


    Execution Region ER_RW (Exec base: 0x20000000, Load base: 0x0000106c, Size: 0x00000008, Max: 0xffffffff, ABSOLUTE)

    Exec Addr    Load Addr    Size         Type   Attr      Idx    E Section Name        Object

    0x20000000   0x0000106c   0x00000004   Data   RW          104    .data.SystemCoreClock  system_mdr1986be4.o
    0x20000004   0x00001070   0x00000001   Data   RW            4    .data.oldstate      main.o


    Execution Region ER_ZI (Exec base: 0x20000008, Load base: 0x00001074, Size: 0x00001480, Max: 0xffffffff, ABSOLUTE)

    Exec Addr    Load Addr    Size         Type   Attr      Idx    E Section Name        Object

    0x20000008        -       0x00000060   Zero   RW          452    .bss                c_p.l(libspace.o)
    0x20000068        -       0x00000018   Zero   RW           61    .bss.TIMER1InitStruct  timer.o
    0x20000080        -       0x00000001   Zero   RW            5    .bss.newstate       main.o
    0x20000081   0x00001074   0x00000007   PAD
    0x20000088        -       0x00001000   Zero   RW           91    HEAP                startup_mdr1986be4.o
    0x20001088        -       0x00000400   Zero   RW           90    STACK               startup_mdr1986be4.o


==============================================================================

Image component sizes


      Code (inc. data)   RO Data    RW Data    ZI Data      Debug   Object Name

        52          0          0          0          0       1641   adc.o
       492         24          0          0          0       4369   gpio.o
       124         12          0          1          1        991   main.o
       746         16          0          0          0       4691   mdr32f9qx_port.o
       712         16          0          0          0       9449   mdr32f9qx_rst_clk.o
       268          8          0          0          0       4182   mdr32f9qx_ssp.o
       328         12          0          0          0      15627   mdr32f9qx_timer.o
        84          0          0          0          0        701   rst.o
        88          0          0          0          0       1993   spi.o
       100         26        156          0       5120       1628   startup_mdr1986be4.o
       272         48          0          4          0       1512   system_mdr1986be4.o
       112         16          0          0         24       4671   timer.o

    ----------------------------------------------------------------------
      3380        178        188          8       5152      51455   Object Totals
         0          0         32          0          0          0   (incl. Generated)
         2          0          0          3          7          0   (incl. Padding)

    ----------------------------------------------------------------------

      Code (inc. data)   RO Data    RW Data    ZI Data      Debug   Library Member Name

         8          0          0          0          0         68   __main.o
         0          0          0          0          0          0   __rtentry.o
        12          0          0          0          0          0   __rtentry2.o
         6          0          0          0          0          0   __rtentry4.o
        60          8          0          0          0          0   __scatter.o
        26          0          0          0          0          0   __scatter_copy.o
        28          0          0          0          0          0   __scatter_zi.o
       364          4          0          0          0         92   aeabi_sdiv.o
        16          0          0          0          0         68   exit.o
         6          0          0          0          0        136   heapauxi.o
         0          0          0          0          0          0   indicate_semi.o
         2          0          0          0          0          0   libinit.o
         2          0          0          0          0          0   libinit2.o
         2          0          0          0          0          0   libshutdown.o
         2          0          0          0          0          0   libshutdown2.o
         8          4          0          0         96         68   libspace.o
         2          0          0          0          0          0   rtexit.o
        10          0          0          0          0          0   rtexit2.o
        12          4          0          0          0         60   sys_exit.o
        62          0          0          0          0         80   sys_stackheap_outer.o
         2          0          0          0          0         68   use_no_semi.o

    ----------------------------------------------------------------------
       636         20          0          0         96        640   Library Totals
         6          0          0          0          0          0   (incl. Padding)

    ----------------------------------------------------------------------

      Code (inc. data)   RO Data    RW Data    ZI Data      Debug   Library Name

       630         20          0          0         96        640   c_p.l

    ----------------------------------------------------------------------
       636         20          0          0         96        640   Library Totals

    ----------------------------------------------------------------------

==============================================================================


      Code (inc. data)   RO Data    RW Data    ZI Data      Debug   

      4016        198        188          8       5248      51751   Grand Totals
      4016        198        188          8       5248      51751   ELF Image Totals
      4016        198        188          8          0          0   ROM Totals

==============================================================================

    Total RO  Size (Code + RO Data)                 4204 (   4.11kB)
    Total RW  Size (RW Data + ZI Data)              5256 (   5.13kB)
    Total ROM Size (Code + RO Data + RW Data)       4212 (   4.11kB)

==============================================================================

